Archive member included to satisfy reference by file (symbol)

C:/ST/STM32CubeIDE_1.15.1/STM32CubeIDE/plugins/com.st.stm32cube.ide.mcu.externaltools.gnu-tools-for-stm32.12.3.rel1.win32_1.0.100.202403111256/tools/bin/../lib/gcc/arm-none-eabi/12.3.1/../../../../arm-none-eabi/lib/thumb/v8-m.main+fp/hard\libc_nano.a(libc_a-atoi.o)
                              ./Src/UART.o (atoi)
C:/ST/STM32CubeIDE_1.15.1/STM32CubeIDE/plugins/com.st.stm32cube.ide.mcu.externaltools.gnu-tools-for-stm32.12.3.rel1.win32_1.0.100.202403111256/tools/bin/../lib/gcc/arm-none-eabi/12.3.1/../../../../arm-none-eabi/lib/thumb/v8-m.main+fp/hard\libc_nano.a(libc_a-exit.o)
                              C:/ST/STM32CubeIDE_1.15.1/STM32CubeIDE/plugins/com.st.stm32cube.ide.mcu.externaltools.gnu-tools-for-stm32.12.3.rel1.win32_1.0.100.202403111256/tools/bin/../lib/gcc/arm-none-eabi/12.3.1/../../../../arm-none-eabi/lib/thumb/v8-m.main+fp/hard/crt0.o (exit)
C:/ST/STM32CubeIDE_1.15.1/STM32CubeIDE/plugins/com.st.stm32cube.ide.mcu.externaltools.gnu-tools-for-stm32.12.3.rel1.win32_1.0.100.202403111256/tools/bin/../lib/gcc/arm-none-eabi/12.3.1/../../../../arm-none-eabi/lib/thumb/v8-m.main+fp/hard\libc_nano.a(libc_a-strtol.o)
                              C:/ST/STM32CubeIDE_1.15.1/STM32CubeIDE/plugins/com.st.stm32cube.ide.mcu.externaltools.gnu-tools-for-stm32.12.3.rel1.win32_1.0.100.202403111256/tools/bin/../lib/gcc/arm-none-eabi/12.3.1/../../../../arm-none-eabi/lib/thumb/v8-m.main+fp/hard\libc_nano.a(libc_a-atoi.o) (_strtol_r)
C:/ST/STM32CubeIDE_1.15.1/STM32CubeIDE/plugins/com.st.stm32cube.ide.mcu.externaltools.gnu-tools-for-stm32.12.3.rel1.win32_1.0.100.202403111256/tools/bin/../lib/gcc/arm-none-eabi/12.3.1/../../../../arm-none-eabi/lib/thumb/v8-m.main+fp/hard\libc_nano.a(libc_a-ctype_.o)
                              C:/ST/STM32CubeIDE_1.15.1/STM32CubeIDE/plugins/com.st.stm32cube.ide.mcu.externaltools.gnu-tools-for-stm32.12.3.rel1.win32_1.0.100.202403111256/tools/bin/../lib/gcc/arm-none-eabi/12.3.1/../../../../arm-none-eabi/lib/thumb/v8-m.main+fp/hard\libc_nano.a(libc_a-strtol.o) (_ctype_)
C:/ST/STM32CubeIDE_1.15.1/STM32CubeIDE/plugins/com.st.stm32cube.ide.mcu.externaltools.gnu-tools-for-stm32.12.3.rel1.win32_1.0.100.202403111256/tools/bin/../lib/gcc/arm-none-eabi/12.3.1/../../../../arm-none-eabi/lib/thumb/v8-m.main+fp/hard\libc_nano.a(libc_a-findfp.o)
                              C:/ST/STM32CubeIDE_1.15.1/STM32CubeIDE/plugins/com.st.stm32cube.ide.mcu.externaltools.gnu-tools-for-stm32.12.3.rel1.win32_1.0.100.202403111256/tools/bin/../lib/gcc/arm-none-eabi/12.3.1/../../../../arm-none-eabi/lib/thumb/v8-m.main+fp/hard\libc_nano.a(libc_a-exit.o) (__stdio_exit_handler)
C:/ST/STM32CubeIDE_1.15.1/STM32CubeIDE/plugins/com.st.stm32cube.ide.mcu.externaltools.gnu-tools-for-stm32.12.3.rel1.win32_1.0.100.202403111256/tools/bin/../lib/gcc/arm-none-eabi/12.3.1/../../../../arm-none-eabi/lib/thumb/v8-m.main+fp/hard\libc_nano.a(libc_a-fwalk.o)
                              C:/ST/STM32CubeIDE_1.15.1/STM32CubeIDE/plugins/com.st.stm32cube.ide.mcu.externaltools.gnu-tools-for-stm32.12.3.rel1.win32_1.0.100.202403111256/tools/bin/../lib/gcc/arm-none-eabi/12.3.1/../../../../arm-none-eabi/lib/thumb/v8-m.main+fp/hard\libc_nano.a(libc_a-findfp.o) (_fwalk_sglue)
C:/ST/STM32CubeIDE_1.15.1/STM32CubeIDE/plugins/com.st.stm32cube.ide.mcu.externaltools.gnu-tools-for-stm32.12.3.rel1.win32_1.0.100.202403111256/tools/bin/../lib/gcc/arm-none-eabi/12.3.1/../../../../arm-none-eabi/lib/thumb/v8-m.main+fp/hard\libc_nano.a(libc_a-snprintf.o)
                              ./Src/main.o (snprintf)
C:/ST/STM32CubeIDE_1.15.1/STM32CubeIDE/plugins/com.st.stm32cube.ide.mcu.externaltools.gnu-tools-for-stm32.12.3.rel1.win32_1.0.100.202403111256/tools/bin/../lib/gcc/arm-none-eabi/12.3.1/../../../../arm-none-eabi/lib/thumb/v8-m.main+fp/hard\libc_nano.a(libc_a-sprintf.o)
                              ./Src/UART.o (sprintf)
C:/ST/STM32CubeIDE_1.15.1/STM32CubeIDE/plugins/com.st.stm32cube.ide.mcu.externaltools.gnu-tools-for-stm32.12.3.rel1.win32_1.0.100.202403111256/tools/bin/../lib/gcc/arm-none-eabi/12.3.1/../../../../arm-none-eabi/lib/thumb/v8-m.main+fp/hard\libc_nano.a(libc_a-stdio.o)
                              C:/ST/STM32CubeIDE_1.15.1/STM32CubeIDE/plugins/com.st.stm32cube.ide.mcu.externaltools.gnu-tools-for-stm32.12.3.rel1.win32_1.0.100.202403111256/tools/bin/../lib/gcc/arm-none-eabi/12.3.1/../../../../arm-none-eabi/lib/thumb/v8-m.main+fp/hard\libc_nano.a(libc_a-findfp.o) (__sread)
C:/ST/STM32CubeIDE_1.15.1/STM32CubeIDE/plugins/com.st.stm32cube.ide.mcu.externaltools.gnu-tools-for-stm32.12.3.rel1.win32_1.0.100.202403111256/tools/bin/../lib/gcc/arm-none-eabi/12.3.1/../../../../arm-none-eabi/lib/thumb/v8-m.main+fp/hard\libc_nano.a(libc_a-memset.o)
[...]
Memory Configuration

Name             Origin             Length             Attributes
RAM              0x20000000         0x00030000         xrw
RAM2             0x20030000         0x00010000         xrw
FLASH            0x08000000         0x00080000         xr
*default*        0x00000000         0xffffffff

Linker script and memory map

LOAD C:/ST/STM32CubeIDE_1.15.1/STM32CubeIDE/plugins/com.st.stm32cube.ide.mcu.externaltools.gnu-tools-for-stm32.12.3.rel1.win32_1.0.100.202403111256/tools/bin/../lib/gcc/arm-none-eabi/12.3.1/thumb/v8-m.main+fp/hard/crti.o
LOAD C:/ST/STM32CubeIDE_1.15.1/STM32CubeIDE/plugins/com.st.stm32cube.ide.mcu.externaltools.gnu-tools-for-stm32.12.3.rel1.win32_1.0.100.202403111256/tools/bin/../lib/gcc/arm-none-eabi/12.3.1/thumb/v8-m.main+fp/hard/crtbegin.o
LOAD C:/ST/STM32CubeIDE_1.15.1/STM32CubeIDE/plugins/com.st.stm32cube.ide.mcu.externaltools.gnu-tools-for-stm32.12.3.rel1.win32_1.0.100.202403111256/tools/bin/../lib/gcc/arm-none-eabi/12.3.1/../../../../arm-none-eabi/lib/thumb/v8-m.main+fp/hard/crt0.o
LOAD ./Src/ADC.o
LOAD ./Src/GPIO.o
LOAD ./Src/ICOC.o
LOAD ./Src/RTC.o
LOAD ./Src/TIMBasic.o
LOAD ./Src/UART.o
LOAD ./Src/main.o
LOAD ./Src/mu_json.o
LOAD ./Src/mu_str.o
LOAD ./Src/syscalls.o
LOAD ./Src/sysmem.o
LOAD ./Startup/startup_stm32l552zetxq.o
START GROUP
LOAD C:/ST/STM32CubeIDE_1.15.1/STM32CubeIDE/plugins/com.st.stm32cube.ide.mcu.externaltools.gnu-tools-for-stm32.12.3.rel1.win32_1.0.100.202403111256/tools/bin/../lib/gcc/arm-none-eabi/12.3.1/../../../../arm-none-eabi/lib/thumb/v8-m.main+fp/hard\libc_nano.a
LOAD C:/ST/STM32CubeIDE_1.15.1/STM32CubeIDE/plugins/com.st.stm32cube.ide.mcu.externaltools.gnu-tools-for-stm32.12.3.rel1.win32_1.0.100.202403111256/tools/bin/../lib/gcc/arm-none-eabi/12.3.1/../../../../arm-none-eabi/lib/thumb/v8-m.main+fp/hard\libm.a
END GROUP
START GROUP
LOAD C:/ST/STM32CubeIDE_1.15.1/STM32CubeIDE/plugins/com.st.stm32cube.ide.mcu.externaltools.gnu-tools-for-stm32.12.3.rel1.win32_1.0.100.202403111256/tools/bin/../lib/gcc/arm-none-eabi/12.3.1/thumb/v8-m.main+fp/hard\libgcc.a
LOAD C:/ST/STM32CubeIDE_1.15.1/STM32CubeIDE/plugins/com.st.stm32cube.ide.mcu.externaltools.gnu-tools-for-stm32.12.3.rel1.win32_1.0.100.202403111256/tools/bin/../lib/gcc/arm-none-eabi/12.3.1/../../../../arm-none-eabi/lib/thumb/v8-m.main+fp/hard\libc_nano.a
END GROUP
START GROUP
LOAD C:/ST/STM32CubeIDE_1.15.1/STM32CubeIDE/plugins/com.st.stm32cube.ide.mcu.externaltools.gnu-tools-for-stm32.12.3.rel1.win32_1.0.100.202403111256/tools/bin/../lib/gcc/arm-none-eabi/12.3.1/thumb/v8-m.main+fp/hard\libgcc.a
LOAD C:/ST/STM32CubeIDE_1.15.1/STM32CubeIDE/plugins/com.st.stm32cube.ide.mcu.externaltools.gnu-tools-for-stm32.12.3.rel1.win32_1.0.100.202403111256/tools/bin/../lib/gcc/arm-none-eabi/12.3.1/../../../../arm-none-eabi/lib/thumb/v8-m.main+fp/hard\libc_nano.a
LOAD C:/ST/STM32CubeIDE_1.15.1/STM32CubeIDE/plugins/com.st.stm32cube.ide.mcu.externaltools.gnu-tools-for-stm32.12.3.rel1.win32_1.0.100.202403111256/tools/bin/../lib/gcc/arm-none-eabi/12.3.1/../../../../arm-none-eabi/lib/thumb/v8-m.main+fp/hard\libnosys.a
END GROUP
START GROUP
LOAD C:/ST/STM32CubeIDE_1.15.1/STM32CubeIDE/plugins/com.st.stm32cube.ide.mcu.externaltools.gnu-tools-for-stm32.12.3.rel1.win32_1.0.100.202403111256/tools/bin/../lib/gcc/arm-none-eabi/12.3.1/thumb/v8-m.main+fp/hard\libgcc.a
LOAD C:/ST/STM32CubeIDE_1.15.1/STM32CubeIDE/plugins/com.st.stm32cube.ide.mcu.externaltools.gnu-tools-for-stm32.12.3.rel1.win32_1.0.100.202403111256/tools/bin/../lib/gcc/arm-none-eabi/12.3.1/../../../../arm-none-eabi/lib/thumb/v8-m.main+fp/hard\libc_nano.a
LOAD C:/ST/STM32CubeIDE_1.15.1/STM32CubeIDE/plugins/com.st.stm32cube.ide.mcu.externaltools.gnu-tools-for-stm32.12.3.rel1.win32_1.0.100.202403111256/tools/bin/../lib/gcc/arm-none-eabi/12.3.1/../../../../arm-none-eabi/lib/thumb/v8-m.main+fp/hard\libnosys.a
END GROUP
LOAD C:/ST/STM32CubeIDE_1.15.1/STM32CubeIDE/plugins/com.st.stm32cube.ide.mcu.externaltools.gnu-tools-for-stm32.12.3.rel1.win32_1.0.100.202403111256/tools/bin/../lib/gcc/arm-none-eabi/12.3.1/thumb/v8-m.main+fp/hard/crtend.o
LOAD C:/ST/STM32CubeIDE_1.15.1/STM32CubeIDE/plugins/com.st.stm32cube.ide.mcu.externaltools.gnu-tools-for-stm32.12.3.rel1.win32_1.0.100.202403111256/tools/bin/../lib/gcc/arm-none-eabi/12.3.1/thumb/v8-m.main+fp/hard/crtn.o
                0x20030000                        _estack = (ORIGIN (RAM) + LENGTH (RAM))
                0x00000200                        _Min_Heap_Size = 0x200
                0x00000400                        _Min_Stack_Size = 0x400

.isr_vector     0x08000000      0x1f0
                0x08000000                        . = ALIGN (0x4)
 *(.isr_vector)
 .isr_vector    0x08000000      0x1f0 ./Startup/startup_stm32l552zetxq.o
                0x08000000                g_pfnVectors
                0x080001f0                        . = ALIGN (0x4)

.text           0x080001f0     0x2c04
                0x080001f0                        . = ALIGN (0x4)
 *(.text)
 .text          0x080001f0       0x40 C:/ST/STM32CubeIDE_1.15.1/STM32CubeIDE/plugins/com.st.stm32cube.ide.mcu.externaltools.gnu-tools-for-stm32.12.3.rel1.win32_1.0.100.202403111256/tools/bin/../lib/gcc/arm-none-eabi/12.3.1/thumb/v8-m.main+fp/hard/crtbegin.o
 *(.text*)
 .text.init_ADC
                0x08000230       0xf0 ./Src/ADC.o
                0x08000230                init_ADC
 .text.ADC1_2_IRQHandler
                0x08000320       0x7c ./Src/ADC.o
                0x08000320                ADC1_2_IRQHandler
 .text.measure_brightness
                0x0800039c       0x20 ./Src/ADC.o
                0x0800039c                measure_brightness
 .text.TIM15_IRQHandler
                0x080003bc      0x158 ./Src/ICOC.o
                0x080003bc                TIM15_IRQHandler
 .text.init_GPIO_ICOC
                0x08000514      0x198 ./Src/ICOC.o
                0x08000514                init_GPIO_ICOC
 .text.isPedestrianInRange
                0x080006ac       0x40 ./Src/ICOC.o
                0x080006ac                isPedestrianInRange
 .text.get_distance
                0x080006ec       0x34 ./Src/ICOC.o
                0x080006ec                get_distance
 .text.getCrossingRequests
                0x08000720       0x18 ./Src/ICOC.o
                0x08000720                getCrossingRequests
 .text.bin2bcd  0x08000738       0x44 ./Src/RTC.o
 .text.bcd2bin  0x0800077c       0x32 ./Src/RTC.o
 *fill*         0x080007ae        0x2 
 .text.RTC_Get_Sec
                0x080007b0       0x20 ./Src/RTC.o
 .text.RTC_Get_Min
                0x080007d0       0x20 ./Src/RTC.o
 .text.RTC_Get_Hour
                0x080007f0       0x20 ./Src/RTC.o
 .text.RTC_Get_MDay
                0x08000810       0x20 ./Src/RTC.o
 .text.RTC_Get_Month
                0x08000830       0x20 ./Src/RTC.o
 .text.RTC_Get_WDay
                0x08000850       0x20 ./Src/RTC.o
 .text.RTC_Get_SYear
                0x08000870       0x1c ./Src/RTC.o
 .text.SetTR    0x0800088c       0x58 ./Src/RTC.o
 .text.SetDR    0x080008e4       0x6c ./Src/RTC.o
 .text.RTC_Update
                0x08000950       0x90 ./Src/RTC.o
                0x08000950                RTC_Update
 .text.RTC_Get  0x080009e0       0x9c ./Src/RTC.o
                0x080009e0                RTC_Get
 .text.RTC_Init
                0x08000a7c       0xac ./Src/RTC.o
                0x08000a7c                RTC_Init
 .text.initStateTimer
                0x08000b28       0x58 ./Src/TIMBasic.o
                0x08000b28                initStateTimer
 .text.enableStateTimer
                0x08000b80       0x20 ./Src/TIMBasic.o
                0x08000b80                enableStateTimer
 .text.LPUART1_initialization
                0x08000ba0      0x12c ./Src/UART.o
                0x08000ba0                LPUART1_initialization
 .text.send_Message_recursive
                0x08000ccc       0x68 ./Src/UART.o
                0x08000ccc                send_Message_recursive
 .text.send_message_NB
                0x08000d34       0x3c ./Src/UART.o
                0x08000d34                send_message_NB
 .text.process_json
                0x08000d70      0x41c ./Src/UART.o
                0x08000d70                process_json
 .text.LPUART1_IRQHandler
                0x0800118c       0x8c ./Src/UART.o
                0x0800118c                LPUART1_IRQHandler
 .text.redOn    0x08001218       0x20 ./Src/main.o
                0x08001218                redOn
 .text.greenOn  0x08001238       0x20 ./Src/main.o
                0x08001238                greenOn
 .text.blueOn   0x08001258       0x20 ./Src/main.o
                0x08001258                blueOn
 .text.redOff   0x08001278       0x20 ./Src/main.o
                0x08001278                redOff
 .text.greenOff
                0x08001298       0x20 ./Src/main.o
                0x08001298                greenOff
 .text.blueOff  0x080012b8       0x20 ./Src/main.o
                0x080012b8                blueOff
 .text.buzzerOn
                0x080012d8       0x20 ./Src/main.o
                0x080012d8                buzzerOn
 .text.buzzerOff
                0x080012f8       0x20 ./Src/main.o
                0x080012f8                buzzerOff
 .text.getGreenToYellowTimestamp
                0x08001318       0x18 ./Src/main.o
                0x08001318                getGreenToYellowTimestamp
 .text.getYellowToRedTimestamp
                0x08001330       0x24 ./Src/main.o
                0x08001330                getYellowToRedTimestamp
 .text.getRedToGreenTimestamp
                0x08001354       0x2c ./Src/main.o
                0x08001354                getRedToGreenTimestamp
 .text.getPedestrianCrossingTimestamp
                0x08001380       0x2c ./Src/main.o
                0x08001380                getPedestrianCrossingTimestamp
 .text.getAnimationEndingTimestamp
                0x080013ac       0x38 ./Src/main.o
                0x080013ac                getAnimationEndingTimestamp
 .text.getCarWaitTimestamp
                0x080013e4       0x40 ./Src/main.o
                0x080013e4                getCarWaitTimestamp
 .text.__enable_irq
                0x08001424       0x16 ./Src/main.o
                0x08001424                __enable_irq
 *fill*         0x0800143a        0x2 
 .text.constructLog
                0x0800143c       0xd0 ./Src/main.o
                0x0800143c                constructLog
 .text.init     0x0800150c       0x30 ./Src/main.o
                0x0800150c                init
 .text.TIM6_IRQHandler
                0x0800153c       0x48 ./Src/main.o
                0x0800153c                TIM6_IRQHandler
 .text.main     0x08001584      0x134 ./Src/main.o
                0x08001584                main
 .text.lookup_state
                0x080016b8       0x2c ./Src/mu_json.o
 .text.is_container
                0x080016e4       0x30 ./Src/mu_json.o
 .text.token_is_sealed
                0x08001714       0x26 ./Src/mu_json.o
 .text.seal_token
                0x0800173a       0x22 ./Src/mu_json.o
 .text.token_is_first
                0x0800175c       0x26 ./Src/mu_json.o
 .text.set_is_first
                0x08001782       0x22 ./Src/mu_json.o
 .text.token_is_last
                0x080017a4       0x26 ./Src/mu_json.o
 .text.set_is_last
                0x080017ca       0x22 ./Src/mu_json.o
 .text.set_state
                0x080017ec       0x1c ./Src/mu_json.o
 .text.mu_json_parse_c_str
                0x08001808       0x30 ./Src/mu_json.o
                0x08001808                mu_json_parse_c_str
 .text.mu_json_token_slice
                0x08001838       0x20 ./Src/mu_json.o
                0x08001838                mu_json_token_slice
 .text.mu_json_token_type
                0x08001858       0x22 ./Src/mu_json.o
                0x08001858                mu_json_token_type
 .text.mu_json_token_depth
                0x0800187a       0x26 ./Src/mu_json.o
                0x0800187a                mu_json_token_depth
 .text.mu_json_token_prev
                0x080018a0       0x2e ./Src/mu_json.o
                0x080018a0                mu_json_token_prev
 .text.mu_json_token_next
                0x080018ce       0x2e ./Src/mu_json.o
                0x080018ce                mu_json_token_next
 .text.mu_json_token_root
                0x080018fc       0x36 ./Src/mu_json.o
                0x080018fc                mu_json_token_root
 .text.mu_json_token_parent
                0x08001932       0x44 ./Src/mu_json.o
                0x08001932                mu_json_token_parent
 .text.mu_json_token_child
                0x08001976       0x3e ./Src/mu_json.o
                0x08001976                mu_json_token_child
 .text.mu_json_token_next_sibling
                0x080019b4       0x66 ./Src/mu_json.o
                0x080019b4                mu_json_token_next_sibling
 *fill*         0x08001a1a        0x2 
 .text.parse    0x08001a1c      0x490 ./Src/mu_json.o
 .text.classify_char
                0x08001eac       0x30 ./Src/mu_json.o
 .text.std_alloc
                0x08001edc       0x3a ./Src/mu_json.o
 .text.begin_token
                0x08001f16       0x9e ./Src/mu_json.o
 .text.finish_token
                0x08001fb4       0x70 ./Src/mu_json.o
 .text.tos      0x08002024       0x36 ./Src/mu_json.o
 .text.select_state
                0x0800205a       0x56 ./Src/mu_json.o
 .text.child_count
                0x080020b0       0x4e ./Src/mu_json.o
 .text.strlen   0x080020fe       0x2e ./Src/mu_str.o
 .text.mu_str_init
                0x0800212c       0x26 ./Src/mu_str.o
                0x0800212c                mu_str_init
 .text.mu_str_init_cstr
                0x08002152       0x26 ./Src/mu_str.o
                0x08002152                mu_str_init_cstr
 .text.mu_str_buf
                0x08002178       0x18 ./Src/mu_str.o
                0x08002178                mu_str_buf
 .text.mu_str_length
                0x08002190       0x18 ./Src/mu_str.o
                0x08002190                mu_str_length
 .text.mu_str_get_byte
                0x080021a8       0x3c ./Src/mu_str.o
                0x080021a8                mu_str_get_byte
 .text.mu_str_slice
                0x080021e4       0x92 ./Src/mu_str.o
                0x080021e4                mu_str_slice
 .text.mu_str_is_digit
                0x08002276       0x30 ./Src/mu_str.o
                0x08002276                mu_str_is_digit
 .text.mu_str_parse_uint16
                0x080022a6       0x5c ./Src/mu_str.o
                0x080022a6                mu_str_parse_uint16
 *fill*         0x08002302        0x2 
 .text._sbrk    0x08002304       0x6c ./Src/sysmem.o
                0x08002304                _sbrk
 .text.Reset_Handler
                0x08002370       0x50 ./Startup/startup_stm32l552zetxq.o
                0x08002370                Reset_Handler
 .text.Default_Handler
                0x080023c0        0x2 ./Startup/startup_stm32l552zetxq.o
                0x080023c0                EXTI2_IRQHandler
                0x080023c0                TIM8_TRG_COM_IRQHandler
                0x080023c0                TIM8_CC_IRQHandler
                0x080023c0                EXTI5_IRQHandler
                0x080023c0                DMA2_CH8_IRQHandler
                0x080023c0                DebugMon_Handler
                0x080023c0                FLASH_S_IRQHandler
                0x080023c0                EXTI13_IRQHandler
                0x080023c0                TIM1_CC_IRQHandler
                0x080023c0                TSC_IRQHandler
                0x080023c0                HardFault_Handler
                0x080023c0                TAMP_IRQHandler
                0x080023c0                EXTI12_IRQHandler
                0x080023c0                SysTick_Handler
                0x080023c0                PendSV_Handler
                0x080023c0                NMI_Handler
                0x080023c0                EXTI3_IRQHandler
                0x080023c0                EXTI8_IRQHandler
                0x080023c0                LPTIM2_IRQHandler
                0x080023c0                DFSDM1_FLT1_IRQHandler
                0x080023c0                USB_FS_IRQHandler
                0x080023c0                I2C3_ER_IRQHandler
                0x080023c0                DFSDM1_FLT2_IRQHandler
                0x080023c0                LPTIM3_IRQHandler
                0x080023c0                EXTI0_IRQHandler
                0x080023c0                I2C2_EV_IRQHandler
                0x080023c0                DMA2_CH1_IRQHandler
                0x080023c0                FDCAN1_IT1_IRQHandler
                0x080023c0                DMA2_CH7_IRQHandler
                0x080023c0                UsageFault_Handler
                0x080023c0                SPI1_IRQHandler
                0x080023c0                OCTOSPI1_IRQHandler
                0x080023c0                TIM8_UP_IRQHandler
                0x080023c0                RCC_S_IRQHandler
                0x080023c0                DMA1_Channel4_IRQHandler
                0x080023c0                SAI2_IRQHandler
                0x080023c0                DFSDM1_FLT3_IRQHandler
                0x080023c0                EXTI15_IRQHandler
                0x080023c0                TIM17_IRQHandler
                0x080023c0                USART3_IRQHandler
                0x080023c0                RTC_IRQHandler
                0x080023c0                EXTI9_IRQHandler
                0x080023c0                DMA1_Channel7_IRQHandler
                0x080023c0                UART5_IRQHandler
                0x080023c0                TIM4_IRQHandler
                0x080023c0                I2C1_EV_IRQHandler
                0x080023c0                DMA2_CH5_IRQHandler
                0x080023c0                DMAMUX1_OVR_IRQHandler
                0x080023c0                DMA1_Channel6_IRQHandler
                0x080023c0                TIM16_IRQHandler
                0x080023c0                UART4_IRQHandler
                0x080023c0                SecureFault_Handler
                0x080023c0                TIM3_IRQHandler
                0x080023c0                RCC_IRQHandler
                0x080023c0                TIM1_TRG_COM_IRQHandler
                0x080023c0                DMA1_Channel1_IRQHandler
                0x080023c0                Default_Handler
                0x080023c0                DMAMUX1_OVR_S_IRQHandler
                0x080023c0                DMA1_Channel8_IRQHandler
                0x080023c0                TIM7_IRQHandler
                0x080023c0                SDMMC1_IRQHandler
                0x080023c0                TIM5_IRQHandler
                0x080023c0                UCPD1_IRQHandler
                0x080023c0                I2C3_EV_IRQHandler
                0x080023c0                PVD_PVM_IRQHandler
                0x080023c0                SPI2_IRQHandler
                0x080023c0                MemManage_Handler
                0x080023c0                EXTI14_IRQHandler
                0x080023c0                EXTI11_IRQHandler
                0x080023c0                SVC_Handler
                0x080023c0                CRS_IRQHandler
                0x080023c0                DMA1_Channel5_IRQHandler
                0x080023c0                EXTI4_IRQHandler
                0x080023c0                RTC_S_IRQHandler
                0x080023c0                RNG_IRQHandler
                0x080023c0                DMA1_Channel3_IRQHandler
                0x080023c0                COMP_IRQHandler
                0x080023c0                TIM1_UP_IRQHandler
                0x080023c0                WWDG_IRQHandler
                0x080023c0                I2C4_EV_IRQHandler
                0x080023c0                FDCAN1_IT0_IRQHandler
                0x080023c0                TIM2_IRQHandler
                0x080023c0                TAMP_S_IRQHandler
                0x080023c0                EXTI7_IRQHandler
                0x080023c0                TIM1_BRK_IRQHandler
                0x080023c0                DAC_IRQHandler
                0x080023c0                EXTI1_IRQHandler
                0x080023c0                GTZC_IRQHandler
                0x080023c0                USART2_IRQHandler
                0x080023c0                DFSDM1_FLT0_IRQHandler
                0x080023c0                I2C2_ER_IRQHandler
                0x080023c0                DMA1_Channel2_IRQHandler
                0x080023c0                TIM8_BRK_IRQHandler
                0x080023c0                FLASH_IRQHandler
                0x080023c0                BusFault_Handler
                0x080023c0                USART1_IRQHandler
                0x080023c0                EXTI10_IRQHandler
                0x080023c0                SPI3_IRQHandler
                0x080023c0                DMA2_CH6_IRQHandler
                0x080023c0                DMA2_CH3_IRQHandler
                0x080023c0                DMA2_CH2_IRQHandler
                0x080023c0                I2C1_ER_IRQHandler
                0x080023c0                FMC_IRQHandler
                0x080023c0                DMA2_CH4_IRQHandler
                0x080023c0                EXTI6_IRQHandler
                0x080023c0                LPTIM1_IRQHandler
                0x080023c0                I2C4_ER_IRQHandler
                0x080023c0                ICACHE_IRQHandler
                0x080023c0                SAI1_IRQHandler
                0x080023c0                HASH_IRQHandler
 *fill*         0x080023c2        0x2 
 .text.snprintf
                0x080023c4       0x68 C:/ST/STM32CubeIDE_1.15.1/STM32CubeIDE/plugins/com.st.stm32cube.ide.mcu.externaltools.gnu-tools-for-stm32.12.3.rel1.win32_1.0.100.202403111256/tools/bin/../lib/gcc/arm-none-eabi/12.3.1/../../../../arm-none-eabi/lib/thumb/v8-m.main+fp/hard\libc_nano.a(libc_a-snprintf.o)
                0x080023c4                sniprintf
                0x080023c4                snprintf
 .text.sprintf  0x0800242c       0x40 C:/ST/STM32CubeIDE_1.15.1/STM32CubeIDE/plugins/com.st.stm32cube.ide.mcu.externaltools.gnu-tools-for-stm32.12.3.rel1.win32_1.0.100.202403111256/tools/bin/../lib/gcc/arm-none-eabi/12.3.1/../../../../arm-none-eabi/lib/thumb/v8-m.main+fp/hard\libc_nano.a(libc_a-sprintf.o)
                0x0800242c                siprintf
                0x0800242c                sprintf
 .text.memset   0x0800246c       0x10 C:/ST/STM32CubeIDE_1.15.1/STM32CubeIDE/plugins/com.st.stm32cube.ide.mcu.externaltools.gnu-tools-for-stm32.12.3.rel1.win32_1.0.100.202403111256/tools/bin/../lib/gcc/arm-none-eabi/12.3.1/../../../../arm-none-eabi/lib/thumb/v8-m.main+fp/hard\libc_nano.a(libc_a-memset.o)
                0x0800246c                memset
 .text.strlcpy  0x0800247c       0x28 C:/ST/STM32CubeIDE_1.15.1/STM32CubeIDE/plugins/com.st.stm32cube.ide.mcu.externaltools.gnu-tools-for-stm32.12.3.rel1.win32_1.0.100.202403111256/tools/bin/../lib/gcc/arm-none-eabi/12.3.1/../../../../arm-none-eabi/lib/thumb/v8-m.main+fp/hard\libc_nano.a(libc_a-strlcpy.o)
                0x0800247c                strlcpy
 .text.strncmp  0x080024a4       0x24 C:/ST/STM32CubeIDE_1.15.1/STM32CubeIDE/plugins/com.st.stm32cube.ide.mcu.externaltools.gnu-tools-for-stm32.12.3.rel1.win32_1.0.100.202403111256/tools/bin/../lib/gcc/arm-none-eabi/12.3.1/../../../../arm-none-eabi/lib/thumb/v8-m.main+fp/hard\libc_nano.a(libc_a-strncmp.o)
                0x080024a4                strncmp
 .text.__errno  0x080024c8        0xc C:/ST/STM32CubeIDE_1.15.1/STM32CubeIDE/plugins/com.st.stm32cube.ide.mcu.externaltools.gnu-tools-for-stm32.12.3.rel1.win32_1.0.100.202403111256/tools/bin/../lib/gcc/arm-none-eabi/12.3.1/../../../../arm-none-eabi/lib/thumb/v8-m.main+fp/hard\libc_nano.a(libc_a-errno.o)
                0x080024c8                __errno
 .text.__libc_init_array
                0x080024d4       0x48 C:/ST/STM32CubeIDE_1.15.1/STM32CubeIDE/plugins/com.st.stm32cube.ide.mcu.externaltools.gnu-tools-for-stm32.12.3.rel1.win32_1.0.100.202403111256/tools/bin/../lib/gcc/arm-none-eabi/12.3.1/../../../../arm-none-eabi/lib/thumb/v8-m.main+fp/hard\libc_nano.a(libc_a-init.o)
                0x080024d4                __libc_init_array
 .text.__retarget_lock_acquire_recursive
                0x0800251c        0x2 C:/ST/STM32CubeIDE_1.15.1/STM32CubeIDE/plugins/com.st.stm32cube.ide.mcu.externaltools.gnu-tools-for-stm32.12.3.rel1.win32_1.0.100.202403111256/tools/bin/../lib/gcc/arm-none-eabi/12.3.1/../../../../arm-none-eabi/lib/thumb/v8-m.main+fp/hard\libc_nano.a(libc_a-lock.o)
                0x0800251c                __retarget_lock_acquire_recursive
 .text.__retarget_lock_release_recursive
                0x0800251e        0x2 C:/ST/STM32CubeIDE_1.15.1/STM32CubeIDE/plugins/com.st.stm32cube.ide.mcu.externaltools.gnu-tools-for-stm32.12.3.rel1.win32_1.0.100.202403111256/tools/bin/../lib/gcc/arm-none-eabi/12.3.1/../../../../arm-none-eabi/lib/thumb/v8-m.main+fp/hard\libc_nano.a(libc_a-lock.o)
                0x0800251e                __retarget_lock_release_recursive
 .text._free_r  0x08002520       0x94 C:/ST/STM32CubeIDE_1.15.1/STM32CubeIDE/plugins/com.st.stm32cube.ide.mcu.externaltools.gnu-tools-for-stm32.12.3.rel1.win32_1.0.100.202403111256/tools/bin/../lib/gcc/arm-none-eabi/12.3.1/../../../../arm-none-eabi/lib/thumb/v8-m.main+fp/hard\libc_nano.a(libc_a-freer.o)
                0x08002520                _free_r
 .text.sbrk_aligned
                0x080025b4       0x44 C:/ST/STM32CubeIDE_1.15.1/STM32CubeIDE/plugins/com.st.stm32cube.ide.mcu.externaltools.gnu-tools-for-stm32.12.3.rel1.win32_1.0.100.202403111256/tools/bin/../lib/gcc/arm-none-eabi/12.3.1/../../../../arm-none-eabi/lib/thumb/v8-m.main+fp/hard\libc_nano.a(libc_a-mallocr.o)
 .text._malloc_r
                0x080025f8      0x100 C:/ST/STM32CubeIDE_1.15.1/STM32CubeIDE/plugins/com.st.stm32cube.ide.mcu.externaltools.gnu-tools-for-stm32.12.3.rel1.win32_1.0.100.202403111256/tools/bin/../lib/gcc/arm-none-eabi/12.3.1/../../../../arm-none-eabi/lib/thumb/v8-m.main+fp/hard\libc_nano.a(libc_a-mallocr.o)
                0x080025f8                _malloc_r
 .text.__malloc_lock
                0x080026f8        0xc C:/ST/STM32CubeIDE_1.15.1/STM32CubeIDE/plugins/com.st.stm32cube.ide.mcu.externaltools.gnu-tools-for-stm32.12.3.rel1.win32_1.0.100.202403111256/tools/bin/../lib/gcc/arm-none-eabi/12.3.1/../../../../arm-none-eabi/lib/thumb/v8-m.main+fp/hard\libc_nano.a(libc_a-mlock.o)
                0x080026f8                __malloc_lock
 .text.__malloc_unlock
                0x08002704        0xc C:/ST/STM32CubeIDE_1.15.1/STM32CubeIDE/plugins/com.st.stm32cube.ide.mcu.externaltools.gnu-tools-for-stm32.12.3.rel1.win32_1.0.100.202403111256/tools/bin/../lib/gcc/arm-none-eabi/12.3.1/../../../../arm-none-eabi/lib/thumb/v8-m.main+fp/hard\libc_nano.a(libc_a-mlock.o)
                0x08002704                __malloc_unlock
 .text.__ssputs_r
                0x08002710       0xb6 C:/ST/STM32CubeIDE_1.15.1/STM32CubeIDE/plugins/com.st.stm32cube.ide.mcu.externaltools.gnu-tools-for-stm32.12.3.rel1.win32_1.0.100.202403111256/tools/bin/../lib/gcc/arm-none-eabi/12.3.1/../../../../arm-none-eabi/lib/thumb/v8-m.main+fp/hard\libc_nano.a(libc_a-nano-svfprintf.o)
                0x08002710                __ssputs_r
 *fill*         0x080027c6        0x2 
 .text._svfprintf_r
                0x080027c8      0x1f8 C:/ST/STM32CubeIDE_1.15.1/STM32CubeIDE/plugins/com.st.stm32cube.ide.mcu.externaltools.gnu-tools-for-stm32.12.3.rel1.win32_1.0.100.202403111256/tools/bin/../lib/gcc/arm-none-eabi/12.3.1/../../../../arm-none-eabi/lib/thumb/v8-m.main+fp/hard\libc_nano.a(libc_a-nano-svfprintf.o)
                0x080027c8                _svfiprintf_r
                0x080027c8                _svfprintf_r
 .text._printf_common
                0x080029c0       0xe4 C:/ST/STM32CubeIDE_1.15.1/STM32CubeIDE/plugins/com.st.stm32cube.ide.mcu.externaltools.gnu-tools-for-stm32.12.3.rel1.win32_1.0.100.202403111256/tools/bin/../lib/gcc/arm-none-eabi/12.3.1/../../../../arm-none-eabi/lib/thumb/v8-m.main+fp/hard\libc_nano.a(libc_a-nano-vfprintf_i.o)
                0x080029c0                _printf_common
 .text._printf_i
                0x08002aa4      0x240 C:/ST/STM32CubeIDE_1.15.1/STM32CubeIDE/plugins/com.st.stm32cube.ide.mcu.externaltools.gnu-tools-for-stm32.12.3.rel1.win32_1.0.100.202403111256/tools/bin/../lib/gcc/arm-none-eabi/12.3.1/../../../../arm-none-eabi/lib/thumb/v8-m.main+fp/hard\libc_nano.a(libc_a-nano-vfprintf_i.o)
                0x08002aa4                _printf_i
 .text.memmove  0x08002ce4       0x34 C:/ST/STM32CubeIDE_1.15.1/STM32CubeIDE/plugins/com.st.stm32cube.ide.mcu.externaltools.gnu-tools-for-stm32.12.3.rel1.win32_1.0.100.202403111256/tools/bin/../lib/gcc/arm-none-eabi/12.3.1/../../../../arm-none-eabi/lib/thumb/v8-m.main+fp/hard\libc_nano.a(libc_a-memmove.o)
                0x08002ce4                memmove
 .text._sbrk_r  0x08002d18       0x20 C:/ST/STM32CubeIDE_1.15.1/STM32CubeIDE/plugins/com.st.stm32cube.ide.mcu.externaltools.gnu-tools-for-stm32.12.3.rel1.win32_1.0.100.202403111256/tools/bin/../lib/gcc/arm-none-eabi/12.3.1/../../../../arm-none-eabi/lib/thumb/v8-m.main+fp/hard\libc_nano.a(libc_a-sbrkr.o)
                0x08002d18                _sbrk_r
 .text.memchr   0x08002d38       0x1c C:/ST/STM32CubeIDE_1.15.1/STM32CubeIDE/plugins/com.st.stm32cube.ide.mcu.externaltools.gnu-tools-for-stm32.12.3.rel1.win32_1.0.100.202403111256/tools/bin/../lib/gcc/arm-none-eabi/12.3.1/../../../../arm-none-eabi/lib/thumb/v8-m.main+fp/hard\libc_nano.a(libc_a-memchr-stub.o)
                0x08002d38                memchr
 .text.memcpy   0x08002d54       0x1a C:/ST/STM32CubeIDE_1.15.1/STM32CubeIDE/plugins/com.st.stm32cube.ide.mcu.externaltools.gnu-tools-for-stm32.12.3.rel1.win32_1.0.100.202403111256/tools/bin/../lib/gcc/arm-none-eabi/12.3.1/../../../../arm-none-eabi/lib/thumb/v8-m.main+fp/hard\libc_nano.a(libc_a-memcpy-stub.o)
                0x08002d54                memcpy
 .text._realloc_r
                0x08002d6e       0x5c C:/ST/STM32CubeIDE_1.15.1/STM32CubeIDE/plugins/com.st.stm32cube.ide.mcu.externaltools.gnu-tools-for-stm32.12.3.rel1.win32_1.0.100.202403111256/tools/bin/../lib/gcc/arm-none-eabi/12.3.1/../../../../arm-none-eabi/lib/thumb/v8-m.main+fp/hard\libc_nano.a(libc_a-reallocr.o)
                0x08002d6e                _realloc_r
 .text._malloc_usable_size_r
                0x08002dca       0x10 C:/ST/STM32CubeIDE_1.15.1/STM32CubeIDE/plugins/com.st.stm32cube.ide.mcu.externaltools.gnu-tools-for-stm32.12.3.rel1.win32_1.0.100.202403111256/tools/bin/../lib/gcc/arm-none-eabi/12.3.1/../../../../arm-none-eabi/lib/thumb/v8-m.main+fp/hard\libc_nano.a(libc_a-msizer.o)
                0x08002dca                _malloc_usable_size_r
 *(.glue_7)
 .glue_7        0x08002dda        0x0 linker stubs
 *(.glue_7t)
 .glue_7t       0x08002dda        0x0 linker stubs
 *(.eh_frame)
 *fill*         0x08002dda        0x2 
 .eh_frame      0x08002ddc        0x0 C:/ST/STM32CubeIDE_1.15.1/STM32CubeIDE/plugins/com.st.stm32cube.ide.mcu.externaltools.gnu-tools-for-stm32.12.3.rel1.win32_1.0.100.202403111256/tools/bin/../lib/gcc/arm-none-eabi/12.3.1/thumb/v8-m.main+fp/hard/crtbegin.o
 *(.init)
 .init          0x08002ddc        0x4 C:/ST/STM32CubeIDE_1.15.1/STM32CubeIDE/plugins/com.st.stm32cube.ide.mcu.externaltools.gnu-tools-for-stm32.12.3.rel1.win32_1.0.100.202403111256/tools/bin/../lib/gcc/arm-none-eabi/12.3.1/thumb/v8-m.main+fp/hard/crti.o
                0x08002ddc                _init
 .init          0x08002de0        0x8 C:/ST/STM32CubeIDE_1.15.1/STM32CubeIDE/plugins/com.st.stm32cube.ide.mcu.externaltools.gnu-tools-for-stm32.12.3.rel1.win32_1.0.100.202403111256/tools/bin/../lib/gcc/arm-none-eabi/12.3.1/thumb/v8-m.main+fp/hard/crtn.o
 *(.fini)
 .fini          0x08002de8        0x4 C:/ST/STM32CubeIDE_1.15.1/STM32CubeIDE/plugins/com.st.stm32cube.ide.mcu.externaltools.gnu-tools-for-stm32.12.3.rel1.win32_1.0.100.202403111256/tools/bin/../lib/gcc/arm-none-eabi/12.3.1/thumb/v8-m.main+fp/hard/crti.o
                0x08002de8                _fini
 .fini          0x08002dec        0x8 C:/ST/STM32CubeIDE_1.15.1/STM32CubeIDE/plugins/com.st.stm32cube.ide.mcu.externaltools.gnu-tools-for-stm32.12.3.rel1.win32_1.0.100.202403111256/tools/bin/../lib/gcc/arm-none-eabi/12.3.1/thumb/v8-m.main+fp/hard/crtn.o
                0x08002df4                        . = ALIGN (0x4)
                0x08002df4                        _etext = .

.vfp11_veneer   0x08002df4        0x0
 .vfp11_veneer  0x08002df4        0x0 linker stubs

.v4_bx          0x08002df4        0x0
 .v4_bx         0x08002df4        0x0 linker stubs

.iplt           0x08002df4        0x0
 .iplt          0x08002df4        0x0 C:/ST/STM32CubeIDE_1.15.1/STM32CubeIDE/plugins/com.st.stm32cube.ide.mcu.externaltools.gnu-tools-for-stm32.12.3.rel1.win32_1.0.100.202403111256/tools/bin/../lib/gcc/arm-none-eabi/12.3.1/thumb/v8-m.main+fp/hard/crtbegin.o

.rodata         0x08002df4      0x2c0
                0x08002df4                        . = ALIGN (0x4)
 *(.rodata)
 .rodata        0x08002df4      0x195 ./Src/UART.o
 *fill*         0x08002f89        0x3 
 .rodata        0x08002f8c       0xf4 ./Src/main.o
 *(.rodata*)
 .rodata._svfprintf_r.str1.1
                0x08003080       0x11 C:/ST/STM32CubeIDE_1.15.1/STM32CubeIDE/plugins/com.st.stm32cube.ide.mcu.externaltools.gnu-tools-for-stm32.12.3.rel1.win32_1.0.100.202403111256/tools/bin/../lib/gcc/arm-none-eabi/12.3.1/../../../../arm-none-eabi/lib/thumb/v8-m.main+fp/hard\libc_nano.a(libc_a-nano-svfprintf.o)
 .rodata._printf_i.str1.1
                0x08003091       0x22 C:/ST/STM32CubeIDE_1.15.1/STM32CubeIDE/plugins/com.st.stm32cube.ide.mcu.externaltools.gnu-tools-for-stm32.12.3.rel1.win32_1.0.100.202403111256/tools/bin/../lib/gcc/arm-none-eabi/12.3.1/../../../../arm-none-eabi/lib/thumb/v8-m.main+fp/hard\libc_nano.a(libc_a-nano-vfprintf_i.o)
                0x080030b4                        . = ALIGN (0x4)
 *fill*         0x080030b3        0x1 

.ARM.extab      0x080030b4        0x0
                0x080030b4                        . = ALIGN (0x4)
 *(.ARM.extab* .gnu.linkonce.armextab.*)
                0x080030b4                        . = ALIGN (0x4)

.ARM            0x080030b4        0x0
                0x080030b4                        . = ALIGN (0x4)
                0x080030b4                        __exidx_start = .
 *(.ARM.exidx*)
                0x080030b4                        __exidx_end = .
                0x080030b4                        . = ALIGN (0x4)

.preinit_array  0x080030b4        0x0
                0x080030b4                        . = ALIGN (0x4)
                0x080030b4                        PROVIDE (__preinit_array_start = .)
 *(.preinit_array*)
                0x080030b4                        PROVIDE (__preinit_array_end = .)
                0x080030b4                        . = ALIGN (0x4)

.init_array     0x080030b4        0x4
                0x080030b4                        . = ALIGN (0x4)
                0x080030b4                        PROVIDE (__init_array_start = .)
 *(SORT_BY_NAME(.init_array.*))
 *(.init_array*)
 .init_array    0x080030b4        0x4 C:/ST/STM32CubeIDE_1.15.1/STM32CubeIDE/plugins/com.st.stm32cube.ide.mcu.externaltools.gnu-tools-for-stm32.12.3.rel1.win32_1.0.100.202403111256/tools/bin/../lib/gcc/arm-none-eabi/12.3.1/thumb/v8-m.main+fp/hard/crtbegin.o
                0x080030b8                        PROVIDE (__init_array_end = .)
                0x080030b8                        . = ALIGN (0x4)

.fini_array     0x080030b8        0x4
                0x080030b8                        . = ALIGN (0x4)
                [!provide]                        PROVIDE (__fini_array_start = .)
 *(SORT_BY_NAME(.fini_array.*))
 *(.fini_array*)
 .fini_array    0x080030b8        0x4 C:/ST/STM32CubeIDE_1.15.1/STM32CubeIDE/plugins/com.st.stm32cube.ide.mcu.externaltools.gnu-tools-for-stm32.12.3.rel1.win32_1.0.100.202403111256/tools/bin/../lib/gcc/arm-none-eabi/12.3.1/thumb/v8-m.main+fp/hard/crtbegin.o
                [!provide]                        PROVIDE (__fini_array_end = .)
                0x080030bc                        . = ALIGN (0x4)
                0x080030bc                        _sidata = LOADADDR (.data)

.rel.dyn        0x080030bc        0x0
 .rel.iplt      0x080030bc        0x0 C:/ST/STM32CubeIDE_1.15.1/STM32CubeIDE/plugins/com.st.stm32cube.ide.mcu.externaltools.gnu-tools-for-stm32.12.3.rel1.win32_1.0.100.202403111256/tools/bin/../lib/gcc/arm-none-eabi/12.3.1/thumb/v8-m.main+fp/hard/crtbegin.o

.data           0x20000000     0x1178 load address 0x080030bc
                0x20000000                        . = ALIGN (0x4)
                0x20000000                        _sdata = .
 *(.data)
 *(.data*)
 .data.read_time
                0x20000000        0x1 ./Src/ADC.o
                0x20000000                read_time
 *fill*         0x20000001        0x3 
 .data.GeneralTraficLight
                0x20000004        0xc ./Src/UART.o
                0x20000004                GeneralTraficLight
 .data.eof      0x20000010        0x1 ./Src/UART.o
                0x20000010                eof
 *fill*         0x20000011        0x3 
 .data.char2send.1
                0x20000014        0x4 ./Src/UART.o
 .data.char_read.0
                0x20000018        0x4 ./Src/UART.o
 .data.timestamp
                0x2000001c        0x7 ./Src/main.o
                0x2000001c                timestamp
 *fill*         0x20000023        0x1 
 .data.ascii_classes
                0x20000024      0x200 ./Src/mu_json.o
 .data.state_transition_table
                0x20000224      0xf04 ./Src/mu_json.o
 .data._impure_ptr
                0x20001128        0x4 C:/ST/STM32CubeIDE_1.15.1/STM32CubeIDE/plugins/com.st.stm32cube.ide.mcu.externaltools.gnu-tools-for-stm32.12.3.rel1.win32_1.0.100.202403111256/tools/bin/../lib/gcc/arm-none-eabi/12.3.1/../../../../arm-none-eabi/lib/thumb/v8-m.main+fp/hard\libc_nano.a(libc_a-impure.o)
                0x20001128                _impure_ptr
 .data._impure_data
                0x2000112c       0x4c C:/ST/STM32CubeIDE_1.15.1/STM32CubeIDE/plugins/com.st.stm32cube.ide.mcu.externaltools.gnu-tools-for-stm32.12.3.rel1.win32_1.0.100.202403111256/tools/bin/../lib/gcc/arm-none-eabi/12.3.1/../../../../arm-none-eabi/lib/thumb/v8-m.main+fp/hard\libc_nano.a(libc_a-impure.o)
                0x2000112c                _impure_data
 *(.RamFunc)
 *(.RamFunc*)
                0x20001178                        . = ALIGN (0x4)
                0x20001178                        _edata = .

.igot.plt       0x20001178        0x0 load address 0x08004234
 .igot.plt      0x20001178        0x0 C:/ST/STM32CubeIDE_1.15.1/STM32CubeIDE/plugins/com.st.stm32cube.ide.mcu.externaltools.gnu-tools-for-stm32.12.3.rel1.win32_1.0.100.202403111256/tools/bin/../lib/gcc/arm-none-eabi/12.3.1/thumb/v8-m.main+fp/hard/crtbegin.o
                0x20001178                        . = ALIGN (0x4)

.bss            0x20001178      0x594 load address 0x08004234
                0x20001178                        _sbss = .
                0x20001178                        __bss_start__ = _sbss
 *(.bss)
 .bss           0x20001178       0x1c C:/ST/STM32CubeIDE_1.15.1/STM32CubeIDE/plugins/com.st.stm32cube.ide.mcu.externaltools.gnu-tools-for-stm32.12.3.rel1.win32_1.0.100.202403111256/tools/bin/../lib/gcc/arm-none-eabi/12.3.1/thumb/v8-m.main+fp/hard/crtbegin.o
 *(.bss*)
 .bss.brightness
                0x20001194        0x2 ./Src/ADC.o
                0x20001194                brightness
 .bss.read_brightness_flag
                0x20001196        0x1 ./Src/ADC.o
                0x20001196                read_brightness_flag
 .bss.state     0x20001197        0x1 ./Src/ICOC.o
                0x20001197                state
 .bss.time_start
                0x20001198        0x4 ./Src/ICOC.o
                0x20001198                time_start
 .bss.time_end  0x2000119c        0x4 ./Src/ICOC.o
                0x2000119c                time_end
 .bss.number_of_overflows_in_between
                0x200011a0        0x4 ./Src/ICOC.o
                0x200011a0                number_of_overflows_in_between
 .bss.number_of_pulses_in_between
                0x200011a4        0x4 ./Src/ICOC.o
                0x200011a4                number_of_pulses_in_between
 .bss.distance_in_centimeters
                0x200011a8        0x4 ./Src/ICOC.o
                0x200011a8                distance_in_centimeters
 .bss.measuring
                0x200011ac        0x1 ./Src/ICOC.o
                0x200011ac                measuring
 *fill*         0x200011ad        0x3 
 .bss.distance_measured
                0x200011b0        0x4 ./Src/ICOC.o
                0x200011b0                distance_measured
 .bss.TXmessage
                0x200011b4      0x200 ./Src/UART.o
                0x200011b4                TXmessage
 .bss.RXmessage
                0x200013b4      0x200 ./Src/UART.o
                0x200013b4                RXmessage
 .bss.t         0x200015b4        0x4 ./Src/main.o
                0x200015b4                t
 .bss.temp      0x200015b8        0x4 ./Src/main.o
                0x200015b8                temp
 .bss.currentState
                0x200015bc        0x4 ./Src/main.o
                0x200015bc                currentState
 .bss.__sbrk_heap_end
                0x200015c0        0x4 ./Src/sysmem.o
 .bss.__sf      0x200015c4      0x138 C:/ST/STM32CubeIDE_1.15.1/STM32CubeIDE/plugins/com.st.stm32cube.ide.mcu.externaltools.gnu-tools-for-stm32.12.3.rel1.win32_1.0.100.202403111256/tools/bin/../lib/gcc/arm-none-eabi/12.3.1/../../../../arm-none-eabi/lib/thumb/v8-m.main+fp/hard\libc_nano.a(libc_a-findfp.o)
                0x200015c4                __sf
 .bss.errno     0x200016fc        0x4 C:/ST/STM32CubeIDE_1.15.1/STM32CubeIDE/plugins/com.st.stm32cube.ide.mcu.externaltools.gnu-tools-for-stm32.12.3.rel1.win32_1.0.100.202403111256/tools/bin/../lib/gcc/arm-none-eabi/12.3.1/../../../../arm-none-eabi/lib/thumb/v8-m.main+fp/hard\libc_nano.a(libc_a-reent.o)
                0x200016fc                errno
 .bss.__lock___malloc_recursive_mutex
                0x20001700        0x1 C:/ST/STM32CubeIDE_1.15.1/STM32CubeIDE/plugins/com.st.stm32cube.ide.mcu.externaltools.gnu-tools-for-stm32.12.3.rel1.win32_1.0.100.202403111256/tools/bin/../lib/gcc/arm-none-eabi/12.3.1/../../../../arm-none-eabi/lib/thumb/v8-m.main+fp/hard\libc_nano.a(libc_a-lock.o)
                0x20001700                __lock___malloc_recursive_mutex
 *fill*         0x20001701        0x3 
 .bss.__malloc_sbrk_start
                0x20001704        0x4 C:/ST/STM32CubeIDE_1.15.1/STM32CubeIDE/plugins/com.st.stm32cube.ide.mcu.externaltools.gnu-tools-for-stm32.12.3.rel1.win32_1.0.100.202403111256/tools/bin/../lib/gcc/arm-none-eabi/12.3.1/../../../../arm-none-eabi/lib/thumb/v8-m.main+fp/hard\libc_nano.a(libc_a-mallocr.o)
                0x20001704                __malloc_sbrk_start
 .bss.__malloc_free_list
                0x20001708        0x4 C:/ST/STM32CubeIDE_1.15.1/STM32CubeIDE/plugins/com.st.stm32cube.ide.mcu.externaltools.gnu-tools-for-stm32.12.3.rel1.win32_1.0.100.202403111256/tools/bin/../lib/gcc/arm-none-eabi/12.3.1/../../../../arm-none-eabi/lib/thumb/v8-m.main+fp/hard\libc_nano.a(libc_a-mallocr.o)
                0x20001708                __malloc_free_list
 *(COMMON)
                0x2000170c                        . = ALIGN (0x4)
                0x2000170c                        _ebss = .
                0x2000170c                        __bss_end__ = _ebss

._user_heap_stack
                0x2000170c      0x604 load address 0x08004234
                0x20001710                        . = ALIGN (0x8)
 *fill*         0x2000170c        0x4 
                [!provide]                        PROVIDE (end = .)
                0x20001710                        PROVIDE (_end = .)
                0x20001910                        . = (. + _Min_Heap_Size)
 *fill*         0x20001710      0x200 
                0x20001d10                        . = (. + _Min_Stack_Size)
 *fill*         0x20001910      0x400 
                0x20001d10                        . = ALIGN (0x8)

/DISCARD/
 libc.a(*)
 libm.a(*)
 libgcc.a(*)

.ARM.attributes
                0x00000000       0x36
 *(.ARM.attributes)
 .ARM.attributes
                0x00000000       0x26 C:/ST/STM32CubeIDE_1.15.1/STM32CubeIDE/plugins/com.st.stm32cube.ide.mcu.externaltools.gnu-tools-for-stm32.12.3.rel1.win32_1.0.100.202403111256/tools/bin/../lib/gcc/arm-none-eabi/12.3.1/thumb/v8-m.main+fp/hard/crti.o
 .ARM.attributes
                0x00000026       0x38 C:/ST/STM32CubeIDE_1.15.1/STM32CubeIDE/plugins/com.st.stm32cube.ide.mcu.externaltools.gnu-tools-for-stm32.12.3.rel1.win32_1.0.100.202403111256/tools/bin/../lib/gcc/arm-none-eabi/12.3.1/thumb/v8-m.main+fp/hard/crtbegin.o
 .ARM.attributes
                0x0000005e       0x3a ./Src/ADC.o
 .ARM.attributes
                0x00000098       0x3a ./Src/ICOC.o
 .ARM.attributes
                0x000000d2       0x3a ./Src/RTC.o
 .ARM.attributes
                0x0000010c       0x3a ./Src/TIMBasic.o
 .ARM.attributes
                0x00000146       0x3a ./Src/UART.o
 .ARM.attributes
                0x00000180       0x3a ./Src/main.o
 .ARM.attributes
                0x000001ba       0x3a ./Src/mu_json.o
 .ARM.attributes
                0x000001f4       0x3a ./Src/mu_str.o
 .ARM.attributes
                0x0000022e       0x3a ./Src/sysmem.o
 .ARM.attributes
                0x00000268       0x24 ./Startup/startup_stm32l552zetxq.o
 .ARM.attributes
                0x0000028c       0x38 C:/ST/STM32CubeIDE_1.15.1/STM32CubeIDE/plugins/com.st.stm32cube.ide.mcu.externaltools.gnu-tools-for-stm32.12.3.rel1.win32_1.0.100.202403111256/tools/bin/../lib/gcc/arm-none-eabi/12.3.1/../../../../arm-none-eabi/lib/thumb/v8-m.main+fp/hard\libc_nano.a(libc_a-findfp.o)
 .ARM.attributes
                0x000002c4       0x38 C:/ST/STM32CubeIDE_1.15.1/STM32CubeIDE/plugins/com.st.stm32cube.ide.mcu.externaltools.gnu-tools-for-stm32.12.3.rel1.win32_1.0.100.202403111256/tools/bin/../lib/gcc/arm-none-eabi/12.3.1/../../../../arm-none-eabi/lib/thumb/v8-m.main+fp/hard\libc_nano.a(libc_a-snprintf.o)
 .ARM.attributes
                0x000002fc       0x38 C:/ST/STM32CubeIDE_1.15.1/STM32CubeIDE/plugins/com.st.stm32cube.ide.mcu.externaltools.gnu-tools-for-stm32.12.3.rel1.win32_1.0.100.202403111256/tools/bin/../lib/gcc/arm-none-eabi/12.3.1/../../../../arm-none-eabi/lib/thumb/v8-m.main+fp/hard\libc_nano.a(libc_a-sprintf.o)
 .ARM.attributes
                0x00000334       0x38 C:/ST/STM32CubeIDE_1.15.1/STM32CubeIDE/plugins/com.st.stm32cube.ide.mcu.externaltools.gnu-tools-for-stm32.12.3.rel1.win32_1.0.100.202403111256/tools/bin/../lib/gcc/arm-none-eabi/12.3.1/../../../../arm-none-eabi/lib/thumb/v8-m.main+fp/hard\libc_nano.a(libc_a-memset.o)
 .ARM.attributes
                0x0000036c       0x38 C:/ST/STM32CubeIDE_1.15.1/STM32CubeIDE/plugins/com.st.stm32cube.ide.mcu.externaltools.gnu-tools-for-stm32.12.3.rel1.win32_1.0.100.202403111256/tools/bin/../lib/gcc/arm-none-eabi/12.3.1/../../../../arm-none-eabi/lib/thumb/v8-m.main+fp/hard\libc_nano.a(libc_a-strlcpy.o)
 .ARM.attributes
                0x000003a4       0x38 C:/ST/STM32CubeIDE_1.15.1/STM32CubeIDE/plugins/com.st.stm32cube.ide.mcu.externaltools.gnu-tools-for-stm32.12.3.rel1.win32_1.0.100.202403111256/tools/bin/../lib/gcc/arm-none-eabi/12.3.1/../../../../arm-none-eabi/lib/thumb/v8-m.main+fp/hard\libc_nano.a(libc_a-strncmp.o)
 .ARM.attributes
                0x000003dc       0x38 C:/ST/STM32CubeIDE_1.15.1/STM32CubeIDE/plugins/com.st.stm32cube.ide.mcu.externaltools.gnu-tools-for-stm32.12.3.rel1.win32_1.0.100.202403111256/tools/bin/../lib/gcc/arm-none-eabi/12.3.1/../../../../arm-none-eabi/lib/thumb/v8-m.main+fp/hard\libc_nano.a(libc_a-reent.o)
 .ARM.attributes
                0x00000414       0x38 C:/ST/STM32CubeIDE_1.15.1/STM32CubeIDE/plugins/com.st.stm32cube.ide.mcu.externaltools.gnu-tools-for-stm32.12.3.rel1.win32_1.0.100.202403111256/tools/bin/../lib/gcc/arm-none-eabi/12.3.1/../../../../arm-none-eabi/lib/thumb/v8-m.main+fp/hard\libc_nano.a(libc_a-impure.o)
 .ARM.attributes
                0x0000044c       0x38 C:/ST/STM32CubeIDE_1.15.1/STM32CubeIDE/plugins/com.st.stm32cube.ide.mcu.externaltools.gnu-tools-for-stm32.12.3.rel1.win32_1.0.100.202403111256/tools/bin/../lib/gcc/arm-none-eabi/12.3.1/../../../../arm-none-eabi/lib/thumb/v8-m.main+fp/hard\libc_nano.a(libc_a-errno.o)
 .ARM.attributes
                0x00000484       0x38 C:/ST/STM32CubeIDE_1.15.1/STM32CubeIDE/plugins/com.st.stm32cube.ide.mcu.externaltools.gnu-tools-for-stm32.12.3.rel1.win32_1.0.100.202403111256/tools/bin/../lib/gcc/arm-none-eabi/12.3.1/../../../../arm-none-eabi/lib/thumb/v8-m.main+fp/hard\libc_nano.a(libc_a-init.o)
 .ARM.attributes
                0x000004bc       0x38 C:/ST/STM32CubeIDE_1.15.1/STM32CubeIDE/plugins/com.st.stm32cube.ide.mcu.externaltools.gnu-tools-for-stm32.12.3.rel1.win32_1.0.100.202403111256/tools/bin/../lib/gcc/arm-none-eabi/12.3.1/../../../../arm-none-eabi/lib/thumb/v8-m.main+fp/hard\libc_nano.a(libc_a-lock.o)
 .ARM.attributes
                0x000004f4       0x38 C:/ST/STM32CubeIDE_1.15.1/STM32CubeIDE/plugins/com.st.stm32cube.ide.mcu.externaltools.gnu-tools-for-stm32.12.3.rel1.win32_1.0.100.202403111256/tools/bin/../lib/gcc/arm-none-eabi/12.3.1/../../../../arm-none-eabi/lib/thumb/v8-m.main+fp/hard\libc_nano.a(libc_a-freer.o)
 .ARM.attributes
                0x0000052c       0x38 C:/ST/STM32CubeIDE_1.15.1/STM32CubeIDE/plugins/com.st.stm32cube.ide.mcu.externaltools.gnu-tools-for-stm32.12.3.rel1.win32_1.0.100.202403111256/tools/bin/../lib/gcc/arm-none-eabi/12.3.1/../../../../arm-none-eabi/lib/thumb/v8-m.main+fp/hard\libc_nano.a(libc_a-mallocr.o)
 .ARM.attributes
                0x00000564       0x38 C:/ST/STM32CubeIDE_1.15.1/STM32CubeIDE/plugins/com.st.stm32cube.ide.mcu.externaltools.gnu-tools-for-stm32.12.3.rel1.win32_1.0.100.202403111256/tools/bin/../lib/gcc/arm-none-eabi/12.3.1/../../../../arm-none-eabi/lib/thumb/v8-m.main+fp/hard\libc_nano.a(libc_a-mlock.o)
 .ARM.attributes
                0x0000059c       0x38 C:/ST/STM32CubeIDE_1.15.1/STM32CubeIDE/plugins/com.st.stm32cube.ide.mcu.externaltools.gnu-tools-for-stm32.12.3.rel1.win32_1.0.100.202403111256/tools/bin/../lib/gcc/arm-none-eabi/12.3.1/../../../../arm-none-eabi/lib/thumb/v8-m.main+fp/hard\libc_nano.a(libc_a-nano-svfprintf.o)
 .ARM.attributes
                0x000005d4       0x38 C:/ST/STM32CubeIDE_1.15.1/STM32CubeIDE/plugins/com.st.stm32cube.ide.mcu.externaltools.gnu-tools-for-stm32.12.3.rel1.win32_1.0.100.202403111256/tools/bin/../lib/gcc/arm-none-eabi/12.3.1/../../../../arm-none-eabi/lib/thumb/v8-m.main+fp/hard\libc_nano.a(libc_a-nano-vfprintf_i.o)
 .ARM.attributes
                0x0000060c       0x38 C:/ST/STM32CubeIDE_1.15.1/STM32CubeIDE/plugins/com.st.stm32cube.ide.mcu.externaltools.gnu-tools-for-stm32.12.3.rel1.win32_1.0.100.202403111256/tools/bin/../lib/gcc/arm-none-eabi/12.3.1/../../../../arm-none-eabi/lib/thumb/v8-m.main+fp/hard\libc_nano.a(libc_a-memmove.o)
 .ARM.attributes
                0x00000644       0x38 C:/ST/STM32CubeIDE_1.15.1/STM32CubeIDE/plugins/com.st.stm32cube.ide.mcu.externaltools.gnu-tools-for-stm32.12.3.rel1.win32_1.0.100.202403111256/tools/bin/../lib/gcc/arm-none-eabi/12.3.1/../../../../arm-none-eabi/lib/thumb/v8-m.main+fp/hard\libc_nano.a(libc_a-sbrkr.o)
 .ARM.attributes
                0x0000067c       0x38 C:/ST/STM32CubeIDE_1.15.1/STM32CubeIDE/plugins/com.st.stm32cube.ide.mcu.externaltools.gnu-tools-for-stm32.12.3.rel1.win32_1.0.100.202403111256/tools/bin/../lib/gcc/arm-none-eabi/12.3.1/../../../../arm-none-eabi/lib/thumb/v8-m.main+fp/hard\libc_nano.a(libc_a-memchr-stub.o)
 .ARM.attributes
                0x000006b4       0x38 C:/ST/STM32CubeIDE_1.15.1/STM32CubeIDE/plugins/com.st.stm32cube.ide.mcu.externaltools.gnu-tools-for-stm32.12.3.rel1.win32_1.0.100.202403111256/tools/bin/../lib/gcc/arm-none-eabi/12.3.1/../../../../arm-none-eabi/lib/thumb/v8-m.main+fp/hard\libc_nano.a(libc_a-memcpy-stub.o)
 .ARM.attributes
                0x000006ec       0x38 C:/ST/STM32CubeIDE_1.15.1/STM32CubeIDE/plugins/com.st.stm32cube.ide.mcu.externaltools.gnu-tools-for-stm32.12.3.rel1.win32_1.0.100.202403111256/tools/bin/../lib/gcc/arm-none-eabi/12.3.1/../../../../arm-none-eabi/lib/thumb/v8-m.main+fp/hard\libc_nano.a(libc_a-reallocr.o)
 .ARM.attributes
                0x00000724       0x38 C:/ST/STM32CubeIDE_1.15.1/STM32CubeIDE/plugins/com.st.stm32cube.ide.mcu.externaltools.gnu-tools-for-stm32.12.3.rel1.win32_1.0.100.202403111256/tools/bin/../lib/gcc/arm-none-eabi/12.3.1/../../../../arm-none-eabi/lib/thumb/v8-m.main+fp/hard\libc_nano.a(libc_a-msizer.o)
 .ARM.attributes
                0x0000075c       0x26 C:/ST/STM32CubeIDE_1.15.1/STM32CubeIDE/plugins/com.st.stm32cube.ide.mcu.externaltools.gnu-tools-for-stm32.12.3.rel1.win32_1.0.100.202403111256/tools/bin/../lib/gcc/arm-none-eabi/12.3.1/thumb/v8-m.main+fp/hard/crtn.o
OUTPUT(state-timer.elf elf32-littlearm)
LOAD linker stubs
LOAD C:/ST/STM32CubeIDE_1.15.1/STM32CubeIDE/plugins/com.st.stm32cube.ide.mcu.externaltools.gnu-tools-for-stm32.12.3.rel1.win32_1.0.100.202403111256/tools/bin/../lib/gcc/arm-none-eabi/12.3.1/../../../../arm-none-eabi/lib/thumb/v8-m.main+fp/hard\libc.a
LOAD C:/ST/STM32CubeIDE_1.15.1/STM32CubeIDE/plugins/com.st.stm32cube.ide.mcu.externaltools.gnu-tools-for-stm32.12.3.rel1.win32_1.0.100.202403111256/tools/bin/../lib/gcc/arm-none-eabi/12.3.1/../../../../arm-none-eabi/lib/thumb/v8-m.main+fp/hard\libm.a
LOAD C:/ST/STM32CubeIDE_1.15.1/STM32CubeIDE/plugins/com.st.stm32cube.ide.mcu.externaltools.gnu-tools-for-stm32.12.3.rel1.win32_1.0.100.202403111256/tools/bin/../lib/gcc/arm-none-eabi/12.3.1/thumb/v8-m.main+fp/hard\libgcc.a

.debug_info     0x00000000     0x3db0
 .debug_info    0x00000000      0x358 ./Src/ADC.o
 .debug_info    0x00000358      0x3c8 ./Src/ICOC.o
 .debug_info    0x00000720      0x472 ./Src/RTC.o
 .debug_info    0x00000b92      0x154 ./Src/TIMBasic.o
 .debug_info    0x00000ce6      0x815 ./Src/UART.o
 .debug_info    0x000014fb      0x672 ./Src/main.o
 .debug_info    0x00001b6d      0xf61 ./Src/mu_json.o
 .debug_info    0x00002ace     0x114a ./Src/mu_str.o
 .debug_info    0x00003c18      0x168 ./Src/sysmem.o
 .debug_info    0x00003d80       0x30 ./Startup/startup_stm32l552zetxq.o

.debug_abbrev   0x00000000      0xe2a
 .debug_abbrev  0x00000000       0xee ./Src/ADC.o
 .debug_abbrev  0x000000ee       0xe7 ./Src/ICOC.o
 .debug_abbrev  0x000001d5      0x152 ./Src/RTC.o
 .debug_abbrev  0x00000327       0xa1 ./Src/TIMBasic.o
 .debug_abbrev  0x000003c8      0x26d ./Src/UART.o
 .debug_abbrev  0x00000635      0x24a ./Src/main.o
 .debug_abbrev  0x0000087f      0x28b ./Src/mu_json.o
 .debug_abbrev  0x00000b0a      0x240 ./Src/mu_str.o
 .debug_abbrev  0x00000d4a       0xbc ./Src/sysmem.o
 .debug_abbrev  0x00000e06       0x24 ./Startup/startup_stm32l552zetxq.o

.debug_aranges  0x00000000      0x538
 .debug_aranges
                0x00000000       0x30 ./Src/ADC.o
 .debug_aranges
                0x00000030       0x48 ./Src/ICOC.o
 .debug_aranges
                0x00000078       0x88 ./Src/RTC.o
 .debug_aranges
                0x00000100       0x30 ./Src/TIMBasic.o
 .debug_aranges
                0x00000130       0x50 ./Src/UART.o
 .debug_aranges
                0x00000180       0xb0 ./Src/main.o
 .debug_aranges
                0x00000230      0x128 ./Src/mu_json.o
 .debug_aranges
                0x00000358      0x198 ./Src/mu_str.o
 .debug_aranges
                0x000004f0       0x20 ./Src/sysmem.o
 .debug_aranges
                0x00000510       0x28 ./Startup/startup_stm32l552zetxq.o

.debug_rnglists
                0x00000000      0x3dc
 .debug_rnglists
                0x00000000       0x20 ./Src/ADC.o
 .debug_rnglists
                0x00000020       0x33 ./Src/ICOC.o
 .debug_rnglists
                0x00000053       0x64 ./Src/RTC.o
 .debug_rnglists
                0x000000b7       0x1f ./Src/TIMBasic.o
 .debug_rnglists
                0x000000d6       0x47 ./Src/UART.o
 .debug_rnglists
                0x0000011d       0x81 ./Src/main.o
 .debug_rnglists
                0x0000019e       0xdb ./Src/mu_json.o
 .debug_rnglists
                0x00000279      0x137 ./Src/mu_str.o
 .debug_rnglists
                0x000003b0       0x13 ./Src/sysmem.o
 .debug_rnglists
                0x000003c3       0x19 ./Startup/startup_stm32l552zetxq.o

.debug_macro    0x00000000     0x23b4
 .debug_macro   0x00000000       0x8e ./Src/ADC.o
 .debug_macro   0x0000008e      0xac6 ./Src/ADC.o
 .debug_macro   0x00000b54       0x22 ./Src/ADC.o
 .debug_macro   0x00000b76       0x8e ./Src/ADC.o
 .debug_macro   0x00000c04       0x51 ./Src/ADC.o
 .debug_macro   0x00000c55      0x103 ./Src/ADC.o
 .debug_macro   0x00000d58       0x6a ./Src/ADC.o
 .debug_macro   0x00000dc2      0x1df ./Src/ADC.o
 .debug_macro   0x00000fa1       0x22 ./Src/ADC.o
 .debug_macro   0x00000fc3       0x46 ./Src/ADC.o
 .debug_macro   0x00001009       0x10 ./Src/ADC.o
 .debug_macro   0x00001019       0x88 ./Src/ICOC.o
 .debug_macro   0x000010a1       0x1c ./Src/ICOC.o
 .debug_macro   0x000010bd       0x86 ./Src/RTC.o
 .debug_macro   0x00001143       0x7a ./Src/TIMBasic.o
 .debug_macro   0x000011bd      0x245 ./Src/UART.o
 .debug_macro   0x00001402       0x1c ./Src/UART.o
 .debug_macro   0x0000141e       0x10 ./Src/UART.o
 .debug_macro   0x0000142e       0x1c ./Src/UART.o
 .debug_macro   0x0000144a       0x16 ./Src/UART.o
 .debug_macro   0x00001460      0x146 ./Src/UART.o
 .debug_macro   0x000015a6       0x16 ./Src/UART.o
 .debug_macro   0x000015bc       0x16 ./Src/UART.o
 .debug_macro   0x000015d2       0x29 ./Src/UART.o
 .debug_macro   0x000015fb      0x11f ./Src/UART.o
 .debug_macro   0x0000171a       0x16 ./Src/UART.o
 .debug_macro   0x00001730       0x7c ./Src/UART.o
 .debug_macro   0x000017ac       0x17 ./Src/UART.o
 .debug_macro   0x000017c3      0x118 ./Src/UART.o
 .debug_macro   0x000018db       0x10 ./Src/UART.o
 .debug_macro   0x000018eb       0x10 ./Src/UART.o
 .debug_macro   0x000018fb      0x18e ./Src/main.o
 .debug_macro   0x00001a89       0x16 ./Src/main.o
 .debug_macro   0x00001a9f       0x9e ./Src/main.o
 .debug_macro   0x00001b3d      0x10b ./Src/main.o
 .debug_macro   0x00001c48       0x16 ./Src/main.o
 .debug_macro   0x00001c5e       0x16 ./Src/main.o
 .debug_macro   0x00001c74      0x212 ./Src/mu_json.o
 .debug_macro   0x00001e86       0x5b ./Src/mu_json.o
 .debug_macro   0x00001ee1       0x94 ./Src/mu_json.o
 .debug_macro   0x00001f75       0x16 ./Src/mu_json.o
 .debug_macro   0x00001f8b       0xee ./Src/mu_str.o
 .debug_macro   0x00002079       0xff ./Src/sysmem.o
 .debug_macro   0x00002178      0x23c ./Src/sysmem.o

.debug_line     0x00000000     0x4c4d
 .debug_line    0x00000000      0x521 ./Src/ADC.o
 .debug_line    0x00000521      0x66b ./Src/ICOC.o
 .debug_line    0x00000b8c      0x6ab ./Src/RTC.o
 .debug_line    0x00001237      0x485 ./Src/TIMBasic.o
 .debug_line    0x000016bc      0xa07 ./Src/UART.o
 .debug_line    0x000020c3      0x914 ./Src/main.o
 .debug_line    0x000029d7      0xd44 ./Src/mu_json.o
 .debug_line    0x0000371b      0xf39 ./Src/mu_str.o
 .debug_line    0x00004654      0x57e ./Src/sysmem.o
 .debug_line    0x00004bd2       0x7b ./Startup/startup_stm32l552zetxq.o

.debug_str      0x00000000     0xa86c
 .debug_str     0x00000000     0x3fbe ./Src/ADC.o
                               0x414e (size before relaxing)
 .debug_str     0x00003fbe      0x321 ./Src/ICOC.o
                               0x42a7 (size before relaxing)
 .debug_str     0x000042df      0x183 ./Src/RTC.o
                               0x4108 (size before relaxing)
 .debug_str     0x00004462       0x52 ./Src/TIMBasic.o
                               0x3fba (size before relaxing)
 .debug_str     0x000044b4     0x4d37 ./Src/UART.o
                               0x8f90 (size before relaxing)
 .debug_str     0x000091eb      0x169 ./Src/main.o
                               0x7fda (size before relaxing)
 .debug_str     0x00009354      0xa8e ./Src/mu_json.o
                               0x8b90 (size before relaxing)
 .debug_str     0x00009de2      0x573 ./Src/mu_str.o
                               0x630f (size before relaxing)
 .debug_str     0x0000a355      0x4d7 ./Src/sysmem.o
                               0x6103 (size before relaxing)
 .debug_str     0x0000a82c       0x40 ./Startup/startup_stm32l552zetxq.o
                                 0x7f (size before relaxing)

.comment        0x00000000       0x43
 .comment       0x00000000       0x43 ./Src/ADC.o
                                 0x44 (size before relaxing)
 .comment       0x00000043       0x44 ./Src/ICOC.o
 .comment       0x00000043       0x44 ./Src/RTC.o
 .comment       0x00000043       0x44 ./Src/TIMBasic.o
 .comment       0x00000043       0x44 ./Src/UART.o
 .comment       0x00000043       0x44 ./Src/main.o
 .comment       0x00000043       0x44 ./Src/mu_json.o
 .comment       0x00000043       0x44 ./Src/mu_str.o
 .comment       0x00000043       0x44 ./Src/sysmem.o

.debug_frame    0x00000000     0x1a34
 .debug_frame   0x00000000       0x78 ./Src/ADC.o
 .debug_frame   0x00000078       0xcc ./Src/ICOC.o
 .debug_frame   0x00000144      0x1f4 ./Src/RTC.o
 .debug_frame   0x00000338       0x70 ./Src/TIMBasic.o
 .debug_frame   0x000003a8      0x118 ./Src/UART.o
 .debug_frame   0x000004c0      0x274 ./Src/main.o
 .debug_frame   0x00000734      0x52c ./Src/mu_json.o
 .debug_frame   0x00000c60      0x728 ./Src/mu_str.o
 .debug_frame   0x00001388       0x34 ./Src/sysmem.o
 .debug_frame   0x000013bc      0x144 C:/ST/STM32CubeIDE_1.15.1/STM32CubeIDE/plugins/com.st.stm32cube.ide.mcu.externaltools.gnu-tools-for-stm32.12.3.rel1.win32_1.0.100.202403111256/tools/bin/../lib/gcc/arm-none-eabi/12.3.1/../../../../arm-none-eabi/lib/thumb/v8-m.main+fp/hard\libc_nano.a(libc_a-findfp.o)
 .debug_frame   0x00001500       0x7c C:/ST/STM32CubeIDE_1.15.1/STM32CubeIDE/plugins/com.st.stm32cube.ide.mcu.externaltools.gnu-tools-for-stm32.12.3.rel1.win32_1.0.100.202403111256/tools/bin/../lib/gcc/arm-none-eabi/12.3.1/../../../../arm-none-eabi/lib/thumb/v8-m.main+fp/hard\libc_nano.a(libc_a-snprintf.o)
 .debug_frame   0x0000157c       0x6c C:/ST/STM32CubeIDE_1.15.1/STM32CubeIDE/plugins/com.st.stm32cube.ide.mcu.externaltools.gnu-tools-for-stm32.12.3.rel1.win32_1.0.100.202403111256/tools/bin/../lib/gcc/arm-none-eabi/12.3.1/../../../../arm-none-eabi/lib/thumb/v8-m.main+fp/hard\libc_nano.a(libc_a-sprintf.o)
 .debug_frame   0x000015e8       0x20 C:/ST/STM32CubeIDE_1.15.1/STM32CubeIDE/plugins/com.st.stm32cube.ide.mcu.externaltools.gnu-tools-for-stm32.12.3.rel1.win32_1.0.100.202403111256/tools/bin/../lib/gcc/arm-none-eabi/12.3.1/../../../../arm-none-eabi/lib/thumb/v8-m.main+fp/hard\libc_nano.a(libc_a-memset.o)
 .debug_frame   0x00001608       0x28 C:/ST/STM32CubeIDE_1.15.1/STM32CubeIDE/plugins/com.st.stm32cube.ide.mcu.externaltools.gnu-tools-for-stm32.12.3.rel1.win32_1.0.100.202403111256/tools/bin/../lib/gcc/arm-none-eabi/12.3.1/../../../../arm-none-eabi/lib/thumb/v8-m.main+fp/hard\libc_nano.a(libc_a-strlcpy.o)
 .debug_frame   0x00001630       0x28 C:/ST/STM32CubeIDE_1.15.1/STM32CubeIDE/plugins/com.st.stm32cube.ide.mcu.externaltools.gnu-tools-for-stm32.12.3.rel1.win32_1.0.100.202403111256/tools/bin/../lib/gcc/arm-none-eabi/12.3.1/../../../../arm-none-eabi/lib/thumb/v8-m.main+fp/hard\libc_nano.a(libc_a-strncmp.o)
 .debug_frame   0x00001658       0x38 C:/ST/STM32CubeIDE_1.15.1/STM32CubeIDE/plugins/com.st.stm32cube.ide.mcu.externaltools.gnu-tools-for-stm32.12.3.rel1.win32_1.0.100.202403111256/tools/bin/../lib/gcc/arm-none-eabi/12.3.1/../../../../arm-none-eabi/lib/thumb/v8-m.main+fp/hard\libc_nano.a(libc_a-reent.o)
 .debug_frame   0x00001690       0x20 C:/ST/STM32CubeIDE_1.15.1/STM32CubeIDE/plugins/com.st.stm32cube.ide.mcu.externaltools.gnu-tools-for-stm32.12.3.rel1.win32_1.0.100.202403111256/tools/bin/../lib/gcc/arm-none-eabi/12.3.1/../../../../arm-none-eabi/lib/thumb/v8-m.main+fp/hard\libc_nano.a(libc_a-errno.o)
 .debug_frame   0x000016b0       0x2c C:/ST/STM32CubeIDE_1.15.1/STM32CubeIDE/plugins/com.st.stm32cube.ide.mcu.externaltools.gnu-tools-for-stm32.12.3.rel1.win32_1.0.100.202403111256/tools/bin/../lib/gcc/arm-none-eabi/12.3.1/../../../../arm-none-eabi/lib/thumb/v8-m.main+fp/hard\libc_nano.a(libc_a-init.o)
 .debug_frame   0x000016dc       0xb0 C:/ST/STM32CubeIDE_1.15.1/STM32CubeIDE/plugins/com.st.stm32cube.ide.mcu.externaltools.gnu-tools-for-stm32.12.3.rel1.win32_1.0.100.202403111256/tools/bin/../lib/gcc/arm-none-eabi/12.3.1/../../../../arm-none-eabi/lib/thumb/v8-m.main+fp/hard\libc_nano.a(libc_a-lock.o)
 .debug_frame   0x0000178c       0x38 C:/ST/STM32CubeIDE_1.15.1/STM32CubeIDE/plugins/com.st.stm32cube.ide.mcu.externaltools.gnu-tools-for-stm32.12.3.rel1.win32_1.0.100.202403111256/tools/bin/../lib/gcc/arm-none-eabi/12.3.1/../../../../arm-none-eabi/lib/thumb/v8-m.main+fp/hard\libc_nano.a(libc_a-freer.o)
 .debug_frame   0x000017c4       0x50 C:/ST/STM32CubeIDE_1.15.1/STM32CubeIDE/plugins/com.st.stm32cube.ide.mcu.externaltools.gnu-tools-for-stm32.12.3.rel1.win32_1.0.100.202403111256/tools/bin/../lib/gcc/arm-none-eabi/12.3.1/../../../../arm-none-eabi/lib/thumb/v8-m.main+fp/hard\libc_nano.a(libc_a-mallocr.o)
 .debug_frame   0x00001814       0x30 C:/ST/STM32CubeIDE_1.15.1/STM32CubeIDE/plugins/com.st.stm32cube.ide.mcu.externaltools.gnu-tools-for-stm32.12.3.rel1.win32_1.0.100.202403111256/tools/bin/../lib/gcc/arm-none-eabi/12.3.1/../../../../arm-none-eabi/lib/thumb/v8-m.main+fp/hard\libc_nano.a(libc_a-mlock.o)
 .debug_frame   0x00001844       0x90 C:/ST/STM32CubeIDE_1.15.1/STM32CubeIDE/plugins/com.st.stm32cube.ide.mcu.externaltools.gnu-tools-for-stm32.12.3.rel1.win32_1.0.100.202403111256/tools/bin/../lib/gcc/arm-none-eabi/12.3.1/../../../../arm-none-eabi/lib/thumb/v8-m.main+fp/hard\libc_nano.a(libc_a-nano-svfprintf.o)
 .debug_frame   0x000018d4       0x60 C:/ST/STM32CubeIDE_1.15.1/STM32CubeIDE/plugins/com.st.stm32cube.ide.mcu.externaltools.gnu-tools-for-stm32.12.3.rel1.win32_1.0.100.202403111256/tools/bin/../lib/gcc/arm-none-eabi/12.3.1/../../../../arm-none-eabi/lib/thumb/v8-m.main+fp/hard\libc_nano.a(libc_a-nano-vfprintf_i.o)
 .debug_frame   0x00001934       0x28 C:/ST/STM32CubeIDE_1.15.1/STM32CubeIDE/plugins/com.st.stm32cube.ide.mcu.externaltools.gnu-tools-for-stm32.12.3.rel1.win32_1.0.100.202403111256/tools/bin/../lib/gcc/arm-none-eabi/12.3.1/../../../../arm-none-eabi/lib/thumb/v8-m.main+fp/hard\libc_nano.a(libc_a-memmove.o)
 .debug_frame   0x0000195c       0x2c C:/ST/STM32CubeIDE_1.15.1/STM32CubeIDE/plugins/com.st.stm32cube.ide.mcu.externaltools.gnu-tools-for-stm32.12.3.rel1.win32_1.0.100.202403111256/tools/bin/../lib/gcc/arm-none-eabi/12.3.1/../../../../arm-none-eabi/lib/thumb/v8-m.main+fp/hard\libc_nano.a(libc_a-sbrkr.o)
 .debug_frame   0x00001988       0x28 C:/ST/STM32CubeIDE_1.15.1/STM32CubeIDE/plugins/com.st.stm32cube.ide.mcu.externaltools.gnu-tools-for-stm32.12.3.rel1.win32_1.0.100.202403111256/tools/bin/../lib/gcc/arm-none-eabi/12.3.1/../../../../arm-none-eabi/lib/thumb/v8-m.main+fp/hard\libc_nano.a(libc_a-memchr-stub.o)
 .debug_frame   0x000019b0       0x28 C:/ST/STM32CubeIDE_1.15.1/STM32CubeIDE/plugins/com.st.stm32cube.ide.mcu.externaltools.gnu-tools-for-stm32.12.3.rel1.win32_1.0.100.202403111256/tools/bin/../lib/gcc/arm-none-eabi/12.3.1/../../../../arm-none-eabi/lib/thumb/v8-m.main+fp/hard\libc_nano.a(libc_a-memcpy-stub.o)
 .debug_frame   0x000019d8       0x3c C:/ST/STM32CubeIDE_1.15.1/STM32CubeIDE/plugins/com.st.stm32cube.ide.mcu.externaltools.gnu-tools-for-stm32.12.3.rel1.win32_1.0.100.202403111256/tools/bin/../lib/gcc/arm-none-eabi/12.3.1/../../../../arm-none-eabi/lib/thumb/v8-m.main+fp/hard\libc_nano.a(libc_a-reallocr.o)
 .debug_frame   0x00001a14       0x20 C:/ST/STM32CubeIDE_1.15.1/STM32CubeIDE/plugins/com.st.stm32cube.ide.mcu.externaltools.gnu-tools-for-stm32.12.3.rel1.win32_1.0.100.202403111256/tools/bin/../lib/gcc/arm-none-eabi/12.3.1/../../../../arm-none-eabi/lib/thumb/v8-m.main+fp/hard\libc_nano.a(libc_a-msizer.o)

.debug_line_str
                0x00000000       0x63
 .debug_line_str
                0x00000000       0x63 ./Startup/startup_stm32l552zetxq.o
