Archive member included to satisfy reference by file (symbol)

C:/ST/STM32CubeIDE_1.15.1/STM32CubeIDE/plugins/com.st.stm32cube.ide.mcu.externaltools.gnu-tools-for-stm32.12.3.rel1.win32_1.0.100.202403111256/tools/bin/../lib/gcc/arm-none-eabi/12.3.1/../../../../arm-none-eabi/lib/thumb/v8-m.main+fp/hard\libc_nano.a(libc_a-atoi.o)
                              ./Src/UART.o (atoi)
C:/ST/STM32CubeIDE_1.15.1/STM32CubeIDE/plugins/com.st.stm32cube.ide.mcu.externaltools.gnu-tools-for-stm32.12.3.rel1.win32_1.0.100.202403111256/tools/bin/../lib/gcc/arm-none-eabi/12.3.1/../../../../arm-none-eabi/lib/thumb/v8-m.main+fp/hard\libc_nano.a(libc_a-exit.o)
                              C:/ST/STM32CubeIDE_1.15.1/STM32CubeIDE/plugins/com.st.stm32cube.ide.mcu.externaltools.gnu-tools-for-stm32.12.3.rel1.win32_1.0.100.202403111256/tools/bin/../lib/gcc/arm-none-eabi/12.3.1/../../../../arm-none-eabi/lib/thumb/v8-m.main+fp/hard/crt0.o (exit)
C:/ST/STM32CubeIDE_1.15.1/STM32CubeIDE/plugins/com.st.stm32cube.ide.mcu.externaltools.gnu-tools-for-stm32.12.3.rel1.win32_1.0.100.202403111256/tools/bin/../lib/gcc/arm-none-eabi/12.3.1/../../../../arm-none-eabi/lib/thumb/v8-m.main+fp/hard\libc_nano.a(libc_a-strtol.o)
                              C:/ST/STM32CubeIDE_1.15.1/STM32CubeIDE/plugins/com.st.stm32cube.ide.mcu.externaltools.gnu-tools-for-stm32.12.3.rel1.win32_1.0.100.202403111256/tools/bin/../lib/gcc/arm-none-eabi/12.3.1/../../../../arm-none-eabi/lib/thumb/v8-m.main+fp/hard\libc_nano.a(libc_a-atoi.o) (_strtol_r)
C:/ST/STM32CubeIDE_1.15.1/STM32CubeIDE/plugins/com.st.stm32cube.ide.mcu.externaltools.gnu-tools-for-stm32.12.3.rel1.win32_1.0.100.202403111256/tools/bin/../lib/gcc/arm-none-eabi/12.3.1/../../../../arm-none-eabi/lib/thumb/v8-m.main+fp/hard\libc_nano.a(libc_a-ctype_.o)
                              C:/ST/STM32CubeIDE_1.15.1/STM32CubeIDE/plugins/com.st.stm32cube.ide.mcu.externaltools.gnu-tools-for-stm32.12.3.rel1.win32_1.0.100.202403111256/tools/bin/../lib/gcc/arm-none-eabi/12.3.1/../../../../arm-none-eabi/lib/thumb/v8-m.main+fp/hard\libc_nano.a(libc_a-strtol.o) (_ctype_)
C:/ST/STM32CubeIDE_1.15.1/STM32CubeIDE/plugins/com.st.stm32cube.ide.mcu.externaltools.gnu-tools-for-stm32.12.3.rel1.win32_1.0.100.202403111256/tools/bin/../lib/gcc/arm-none-eabi/12.3.1/../../../../arm-none-eabi/lib/thumb/v8-m.main+fp/hard\libc_nano.a(libc_a-findfp.o)
                              C:/ST/STM32CubeIDE_1.15.1/STM32CubeIDE/plugins/com.st.stm32cube.ide.mcu.externaltools.gnu-tools-for-stm32.12.3.rel1.win32_1.0.100.202403111256/tools/bin/../lib/gcc/arm-none-eabi/12.3.1/../../../../arm-none-eabi/lib/thumb/v8-m.main+fp/hard\libc_nano.a(libc_a-exit.o) (__stdio_exit_handler)
C:/ST/STM32CubeIDE_1.15.1/STM32CubeIDE/plugins/com.st.stm32cube.ide.mcu.externaltools.gnu-tools-for-stm32.12.3.rel1.win32_1.0.100.202403111256/tools/bin/../lib/gcc/arm-none-eabi/12.3.1/../../../../arm-none-eabi/lib/thumb/v8-m.main+fp/hard\libc_nano.a(libc_a-fwalk.o)
                              C:/ST/STM32CubeIDE_1.15.1/STM32CubeIDE/plugins/com.st.stm32cube.ide.mcu.externaltools.gnu-tools-for-stm32.12.3.rel1.win32_1.0.100.202403111256/tools/bin/../lib/gcc/arm-none-eabi/12.3.1/../../../../arm-none-eabi/lib/thumb/v8-m.main+fp/hard\libc_nano.a(libc_a-findfp.o) (_fwalk_sglue)
C:/ST/STM32CubeIDE_1.15.1/STM32CubeIDE/plugins/com.st.stm32cube.ide.mcu.externaltools.gnu-tools-for-stm32.12.3.rel1.win32_1.0.100.202403111256/tools/bin/../lib/gcc/arm-none-eabi/12.3.1/../../../../arm-none-eabi/lib/thumb/v8-m.main+fp/hard\libc_nano.a(libc_a-snprintf.o)
                              ./Src/mu_json.o (snprintf)
C:/ST/STM32CubeIDE_1.15.1/STM32CubeIDE/plugins/com.st.stm32cube.ide.mcu.externaltools.gnu-tools-for-stm32.12.3.rel1.win32_1.0.100.202403111256/tools/bin/../lib/gcc/arm-none-eabi/12.3.1/../../../../arm-none-eabi/lib/thumb/v8-m.main+fp/hard\libc_nano.a(libc_a-sprintf.o)
                              ./Src/UART.o (sprintf)
C:/ST/STM32CubeIDE_1.15.1/STM32CubeIDE/plugins/com.st.stm32cube.ide.mcu.externaltools.gnu-tools-for-stm32.12.3.rel1.win32_1.0.100.202403111256/tools/bin/../lib/gcc/arm-none-eabi/12.3.1/../../../../arm-none-eabi/lib/thumb/v8-m.main+fp/hard\libc_nano.a(libc_a-stdio.o)
                              C:/ST/STM32CubeIDE_1.15.1/STM32CubeIDE/plugins/com.st.stm32cube.ide.mcu.externaltools.gnu-tools-for-stm32.12.3.rel1.win32_1.0.100.202403111256/tools/bin/../lib/gcc/arm-none-eabi/12.3.1/../../../../arm-none-eabi/lib/thumb/v8-m.main+fp/hard\libc_nano.a(libc_a-findfp.o) (__sread)
C:/ST/STM32CubeIDE_1.15.1/STM32CubeIDE/plugins/com.st.stm32cube.ide.mcu.externaltools.gnu-tools-for-stm32.12.3.rel1.win32_1.0.100.202403111256/tools/bin/../lib/gcc/arm-none-eabi/12.3.1/../../../../arm-none-eabi/lib/thumb/v8-m.main+fp/hard\libc_nano.a(libc_a-memset.o)
[...]
Memory Configuration

Name             Origin             Length             Attributes
RAM              0x20000000         0x00030000         xrw
RAM2             0x20030000         0x00010000         xrw
FLASH            0x08000000         0x00080000         xr
*default*        0x00000000         0xffffffff

Linker script and memory map

LOAD C:/ST/STM32CubeIDE_1.15.1/STM32CubeIDE/plugins/com.st.stm32cube.ide.mcu.externaltools.gnu-tools-for-stm32.12.3.rel1.win32_1.0.100.202403111256/tools/bin/../lib/gcc/arm-none-eabi/12.3.1/thumb/v8-m.main+fp/hard/crti.o
LOAD C:/ST/STM32CubeIDE_1.15.1/STM32CubeIDE/plugins/com.st.stm32cube.ide.mcu.externaltools.gnu-tools-for-stm32.12.3.rel1.win32_1.0.100.202403111256/tools/bin/../lib/gcc/arm-none-eabi/12.3.1/thumb/v8-m.main+fp/hard/crtbegin.o
LOAD C:/ST/STM32CubeIDE_1.15.1/STM32CubeIDE/plugins/com.st.stm32cube.ide.mcu.externaltools.gnu-tools-for-stm32.12.3.rel1.win32_1.0.100.202403111256/tools/bin/../lib/gcc/arm-none-eabi/12.3.1/../../../../arm-none-eabi/lib/thumb/v8-m.main+fp/hard/crt0.o
LOAD ./Src/ADC.o
LOAD ./Src/GPIO.o
LOAD ./Src/ICOC.o
LOAD ./Src/UART.o
LOAD ./Src/main.o
LOAD ./Src/mu_json.o
LOAD ./Src/mu_str.o
LOAD ./Src/syscalls.o
LOAD ./Src/sysmem.o
LOAD ./Startup/startup_stm32l552zetxq.o
START GROUP
LOAD C:/ST/STM32CubeIDE_1.15.1/STM32CubeIDE/plugins/com.st.stm32cube.ide.mcu.externaltools.gnu-tools-for-stm32.12.3.rel1.win32_1.0.100.202403111256/tools/bin/../lib/gcc/arm-none-eabi/12.3.1/../../../../arm-none-eabi/lib/thumb/v8-m.main+fp/hard\libc_nano.a
LOAD C:/ST/STM32CubeIDE_1.15.1/STM32CubeIDE/plugins/com.st.stm32cube.ide.mcu.externaltools.gnu-tools-for-stm32.12.3.rel1.win32_1.0.100.202403111256/tools/bin/../lib/gcc/arm-none-eabi/12.3.1/../../../../arm-none-eabi/lib/thumb/v8-m.main+fp/hard\libm.a
END GROUP
START GROUP
LOAD C:/ST/STM32CubeIDE_1.15.1/STM32CubeIDE/plugins/com.st.stm32cube.ide.mcu.externaltools.gnu-tools-for-stm32.12.3.rel1.win32_1.0.100.202403111256/tools/bin/../lib/gcc/arm-none-eabi/12.3.1/thumb/v8-m.main+fp/hard\libgcc.a
LOAD C:/ST/STM32CubeIDE_1.15.1/STM32CubeIDE/plugins/com.st.stm32cube.ide.mcu.externaltools.gnu-tools-for-stm32.12.3.rel1.win32_1.0.100.202403111256/tools/bin/../lib/gcc/arm-none-eabi/12.3.1/../../../../arm-none-eabi/lib/thumb/v8-m.main+fp/hard\libc_nano.a
END GROUP
START GROUP
LOAD C:/ST/STM32CubeIDE_1.15.1/STM32CubeIDE/plugins/com.st.stm32cube.ide.mcu.externaltools.gnu-tools-for-stm32.12.3.rel1.win32_1.0.100.202403111256/tools/bin/../lib/gcc/arm-none-eabi/12.3.1/thumb/v8-m.main+fp/hard\libgcc.a
LOAD C:/ST/STM32CubeIDE_1.15.1/STM32CubeIDE/plugins/com.st.stm32cube.ide.mcu.externaltools.gnu-tools-for-stm32.12.3.rel1.win32_1.0.100.202403111256/tools/bin/../lib/gcc/arm-none-eabi/12.3.1/../../../../arm-none-eabi/lib/thumb/v8-m.main+fp/hard\libc_nano.a
LOAD C:/ST/STM32CubeIDE_1.15.1/STM32CubeIDE/plugins/com.st.stm32cube.ide.mcu.externaltools.gnu-tools-for-stm32.12.3.rel1.win32_1.0.100.202403111256/tools/bin/../lib/gcc/arm-none-eabi/12.3.1/../../../../arm-none-eabi/lib/thumb/v8-m.main+fp/hard\libnosys.a
END GROUP
START GROUP
LOAD C:/ST/STM32CubeIDE_1.15.1/STM32CubeIDE/plugins/com.st.stm32cube.ide.mcu.externaltools.gnu-tools-for-stm32.12.3.rel1.win32_1.0.100.202403111256/tools/bin/../lib/gcc/arm-none-eabi/12.3.1/thumb/v8-m.main+fp/hard\libgcc.a
LOAD C:/ST/STM32CubeIDE_1.15.1/STM32CubeIDE/plugins/com.st.stm32cube.ide.mcu.externaltools.gnu-tools-for-stm32.12.3.rel1.win32_1.0.100.202403111256/tools/bin/../lib/gcc/arm-none-eabi/12.3.1/../../../../arm-none-eabi/lib/thumb/v8-m.main+fp/hard\libc_nano.a
LOAD C:/ST/STM32CubeIDE_1.15.1/STM32CubeIDE/plugins/com.st.stm32cube.ide.mcu.externaltools.gnu-tools-for-stm32.12.3.rel1.win32_1.0.100.202403111256/tools/bin/../lib/gcc/arm-none-eabi/12.3.1/../../../../arm-none-eabi/lib/thumb/v8-m.main+fp/hard\libnosys.a
END GROUP
LOAD C:/ST/STM32CubeIDE_1.15.1/STM32CubeIDE/plugins/com.st.stm32cube.ide.mcu.externaltools.gnu-tools-for-stm32.12.3.rel1.win32_1.0.100.202403111256/tools/bin/../lib/gcc/arm-none-eabi/12.3.1/thumb/v8-m.main+fp/hard/crtend.o
LOAD C:/ST/STM32CubeIDE_1.15.1/STM32CubeIDE/plugins/com.st.stm32cube.ide.mcu.externaltools.gnu-tools-for-stm32.12.3.rel1.win32_1.0.100.202403111256/tools/bin/../lib/gcc/arm-none-eabi/12.3.1/thumb/v8-m.main+fp/hard/crtn.o
                0x20030000                        _estack = (ORIGIN (RAM) + LENGTH (RAM))
                0x00000200                        _Min_Heap_Size = 0x200
                0x00000400                        _Min_Stack_Size = 0x400

.isr_vector     0x08000000      0x1f0
                0x08000000                        . = ALIGN (0x4)
 *(.isr_vector)
 .isr_vector    0x08000000      0x1f0 ./Startup/startup_stm32l552zetxq.o
                0x08000000                g_pfnVectors
                0x080001f0                        . = ALIGN (0x4)

.text           0x080001f0     0x228c
                0x080001f0                        . = ALIGN (0x4)
 *(.text)
 .text          0x080001f0       0x40 C:/ST/STM32CubeIDE_1.15.1/STM32CubeIDE/plugins/com.st.stm32cube.ide.mcu.externaltools.gnu-tools-for-stm32.12.3.rel1.win32_1.0.100.202403111256/tools/bin/../lib/gcc/arm-none-eabi/12.3.1/thumb/v8-m.main+fp/hard/crtbegin.o
 *(.text*)
 .text.ADC1_2_IRQHandler
                0x08000230       0x7c ./Src/ADC.o
                0x08000230                ADC1_2_IRQHandler
 .text.init_LED_Matrix
                0x080002ac      0x17c ./Src/GPIO.o
                0x080002ac                init_LED_Matrix
 .text.DMA1_Channel1_IRQHandler
                0x08000428       0x48 ./Src/GPIO.o
                0x08000428                DMA1_Channel1_IRQHandler
 .text.set_frame
                0x08000470       0xf4 ./Src/GPIO.o
                0x08000470                set_frame
 .text.send_LED
                0x08000564       0x28 ./Src/GPIO.o
                0x08000564                send_LED
 .text.changeLight
                0x0800058c      0x1d0 ./Src/GPIO.o
                0x0800058c                changeLight
 .text.TIM15_IRQHandler
                0x0800075c      0x14c ./Src/ICOC.o
                0x0800075c                TIM15_IRQHandler
 .text.send_Message_recursive
                0x080008a8       0x68 ./Src/UART.o
                0x080008a8                send_Message_recursive
 .text.send_message_NB
                0x08000910       0x3c ./Src/UART.o
                0x08000910                send_message_NB
 .text.process_json
                0x0800094c      0x2c8 ./Src/UART.o
                0x0800094c                process_json
 .text.LPUART1_IRQHandler
                0x08000c14       0x84 ./Src/UART.o
                0x08000c14                LPUART1_IRQHandler
 .text.main     0x08000c98      0x110 ./Src/main.o
                0x08000c98                main
 .text.lookup_state
                0x08000da8       0x2c ./Src/mu_json.o
 .text.is_container
                0x08000dd4       0x30 ./Src/mu_json.o
 .text.token_is_sealed
                0x08000e04       0x26 ./Src/mu_json.o
 .text.seal_token
                0x08000e2a       0x22 ./Src/mu_json.o
 .text.token_is_first
                0x08000e4c       0x26 ./Src/mu_json.o
 .text.set_is_first
                0x08000e72       0x22 ./Src/mu_json.o
 .text.token_is_last
                0x08000e94       0x26 ./Src/mu_json.o
 .text.set_is_last
                0x08000eba       0x22 ./Src/mu_json.o
 .text.set_state
                0x08000edc       0x1c ./Src/mu_json.o
 .text.mu_json_parse_c_str
                0x08000ef8       0x30 ./Src/mu_json.o
                0x08000ef8                mu_json_parse_c_str
 .text.mu_json_token_slice
                0x08000f28       0x20 ./Src/mu_json.o
                0x08000f28                mu_json_token_slice
 .text.mu_json_token_type
                0x08000f48       0x22 ./Src/mu_json.o
                0x08000f48                mu_json_token_type
 .text.mu_json_token_depth
                0x08000f6a       0x26 ./Src/mu_json.o
                0x08000f6a                mu_json_token_depth
 .text.mu_json_token_prev
                0x08000f90       0x2e ./Src/mu_json.o
                0x08000f90                mu_json_token_prev
 .text.mu_json_token_next
                0x08000fbe       0x2e ./Src/mu_json.o
                0x08000fbe                mu_json_token_next
 .text.mu_json_token_root
                0x08000fec       0x36 ./Src/mu_json.o
                0x08000fec                mu_json_token_root
 .text.mu_json_token_parent
                0x08001022       0x44 ./Src/mu_json.o
                0x08001022                mu_json_token_parent
 .text.mu_json_token_child
                0x08001066       0x3e ./Src/mu_json.o
                0x08001066                mu_json_token_child
 .text.mu_json_token_next_sibling
                0x080010a4       0x66 ./Src/mu_json.o
                0x080010a4                mu_json_token_next_sibling
 *fill*         0x0800110a        0x2 
 .text.parse    0x0800110c      0x490 ./Src/mu_json.o
 .text.classify_char
                0x0800159c       0x30 ./Src/mu_json.o
 .text.std_alloc
                0x080015cc       0x3a ./Src/mu_json.o
 .text.begin_token
                0x08001606       0x9e ./Src/mu_json.o
 .text.finish_token
                0x080016a4       0x70 ./Src/mu_json.o
 .text.tos      0x08001714       0x36 ./Src/mu_json.o
 .text.select_state
                0x0800174a       0x56 ./Src/mu_json.o
 .text.child_count
                0x080017a0       0x4e ./Src/mu_json.o
 .text.strlen   0x080017ee       0x2e ./Src/mu_str.o
 .text.mu_str_init
                0x0800181c       0x26 ./Src/mu_str.o
                0x0800181c                mu_str_init
 .text.mu_str_init_cstr
                0x08001842       0x26 ./Src/mu_str.o
                0x08001842                mu_str_init_cstr
 .text.mu_str_buf
                0x08001868       0x18 ./Src/mu_str.o
                0x08001868                mu_str_buf
 .text.mu_str_length
                0x08001880       0x18 ./Src/mu_str.o
                0x08001880                mu_str_length
 .text.mu_str_get_byte
                0x08001898       0x3c ./Src/mu_str.o
                0x08001898                mu_str_get_byte
 .text.mu_str_slice
                0x080018d4       0x92 ./Src/mu_str.o
                0x080018d4                mu_str_slice
 .text.mu_str_is_digit
                0x08001966       0x30 ./Src/mu_str.o
                0x08001966                mu_str_is_digit
 .text.mu_str_parse_uint16
                0x08001996       0x5c ./Src/mu_str.o
                0x08001996                mu_str_parse_uint16
 *fill*         0x080019f2        0x2 
 .text._sbrk    0x080019f4       0x6c ./Src/sysmem.o
                0x080019f4                _sbrk
 .text.Reset_Handler
                0x08001a60       0x50 ./Startup/startup_stm32l552zetxq.o
                0x08001a60                Reset_Handler
 .text.Default_Handler
                0x08001ab0        0x2 ./Startup/startup_stm32l552zetxq.o
                0x08001ab0                EXTI2_IRQHandler
                0x08001ab0                TIM8_TRG_COM_IRQHandler
                0x08001ab0                TIM8_CC_IRQHandler
                0x08001ab0                EXTI5_IRQHandler
                0x08001ab0                DMA2_CH8_IRQHandler
                0x08001ab0                DebugMon_Handler
                0x08001ab0                FLASH_S_IRQHandler
                0x08001ab0                EXTI13_IRQHandler
                0x08001ab0                TIM1_CC_IRQHandler
                0x08001ab0                TSC_IRQHandler
                0x08001ab0                HardFault_Handler
                0x08001ab0                TAMP_IRQHandler
                0x08001ab0                TIM6_IRQHandler
                0x08001ab0                EXTI12_IRQHandler
                0x08001ab0                SysTick_Handler
                0x08001ab0                PendSV_Handler
                0x08001ab0                NMI_Handler
                0x08001ab0                EXTI3_IRQHandler
                0x08001ab0                EXTI8_IRQHandler
                0x08001ab0                LPTIM2_IRQHandler
                0x08001ab0                DFSDM1_FLT1_IRQHandler
                0x08001ab0                USB_FS_IRQHandler
                0x08001ab0                I2C3_ER_IRQHandler
                0x08001ab0                DFSDM1_FLT2_IRQHandler
                0x08001ab0                LPTIM3_IRQHandler
                0x08001ab0                EXTI0_IRQHandler
                0x08001ab0                I2C2_EV_IRQHandler
                0x08001ab0                DMA2_CH1_IRQHandler
                0x08001ab0                FDCAN1_IT1_IRQHandler
                0x08001ab0                DMA2_CH7_IRQHandler
                0x08001ab0                UsageFault_Handler
                0x08001ab0                SPI1_IRQHandler
                0x08001ab0                OCTOSPI1_IRQHandler
                0x08001ab0                TIM8_UP_IRQHandler
                0x08001ab0                RCC_S_IRQHandler
                0x08001ab0                DMA1_Channel4_IRQHandler
                0x08001ab0                SAI2_IRQHandler
                0x08001ab0                DFSDM1_FLT3_IRQHandler
                0x08001ab0                EXTI15_IRQHandler
                0x08001ab0                TIM17_IRQHandler
                0x08001ab0                USART3_IRQHandler
                0x08001ab0                RTC_IRQHandler
                0x08001ab0                EXTI9_IRQHandler
                0x08001ab0                DMA1_Channel7_IRQHandler
                0x08001ab0                UART5_IRQHandler
                0x08001ab0                TIM4_IRQHandler
                0x08001ab0                I2C1_EV_IRQHandler
                0x08001ab0                DMA2_CH5_IRQHandler
                0x08001ab0                DMAMUX1_OVR_IRQHandler
                0x08001ab0                DMA1_Channel6_IRQHandler
                0x08001ab0                TIM16_IRQHandler
                0x08001ab0                UART4_IRQHandler
                0x08001ab0                SecureFault_Handler
                0x08001ab0                TIM3_IRQHandler
                0x08001ab0                RCC_IRQHandler
                0x08001ab0                TIM1_TRG_COM_IRQHandler
                0x08001ab0                Default_Handler
                0x08001ab0                DMAMUX1_OVR_S_IRQHandler
                0x08001ab0                DMA1_Channel8_IRQHandler
                0x08001ab0                TIM7_IRQHandler
                0x08001ab0                SDMMC1_IRQHandler
                0x08001ab0                TIM5_IRQHandler
                0x08001ab0                UCPD1_IRQHandler
                0x08001ab0                I2C3_EV_IRQHandler
                0x08001ab0                PVD_PVM_IRQHandler
                0x08001ab0                SPI2_IRQHandler
                0x08001ab0                MemManage_Handler
                0x08001ab0                EXTI14_IRQHandler
                0x08001ab0                EXTI11_IRQHandler
                0x08001ab0                SVC_Handler
                0x08001ab0                CRS_IRQHandler
                0x08001ab0                DMA1_Channel5_IRQHandler
                0x08001ab0                EXTI4_IRQHandler
                0x08001ab0                RTC_S_IRQHandler
                0x08001ab0                RNG_IRQHandler
                0x08001ab0                DMA1_Channel3_IRQHandler
                0x08001ab0                COMP_IRQHandler
                0x08001ab0                TIM1_UP_IRQHandler
                0x08001ab0                WWDG_IRQHandler
                0x08001ab0                I2C4_EV_IRQHandler
                0x08001ab0                FDCAN1_IT0_IRQHandler
                0x08001ab0                TIM2_IRQHandler
                0x08001ab0                TAMP_S_IRQHandler
                0x08001ab0                EXTI7_IRQHandler
                0x08001ab0                TIM1_BRK_IRQHandler
                0x08001ab0                DAC_IRQHandler
                0x08001ab0                EXTI1_IRQHandler
                0x08001ab0                GTZC_IRQHandler
                0x08001ab0                USART2_IRQHandler
                0x08001ab0                DFSDM1_FLT0_IRQHandler
                0x08001ab0                I2C2_ER_IRQHandler
                0x08001ab0                DMA1_Channel2_IRQHandler
                0x08001ab0                TIM8_BRK_IRQHandler
                0x08001ab0                FLASH_IRQHandler
                0x08001ab0                BusFault_Handler
                0x08001ab0                USART1_IRQHandler
                0x08001ab0                EXTI10_IRQHandler
                0x08001ab0                SPI3_IRQHandler
                0x08001ab0                DMA2_CH6_IRQHandler
                0x08001ab0                DMA2_CH3_IRQHandler
                0x08001ab0                DMA2_CH2_IRQHandler
                0x08001ab0                I2C1_ER_IRQHandler
                0x08001ab0                FMC_IRQHandler
                0x08001ab0                DMA2_CH4_IRQHandler
                0x08001ab0                EXTI6_IRQHandler
                0x08001ab0                LPTIM1_IRQHandler
                0x08001ab0                I2C4_ER_IRQHandler
                0x08001ab0                ICACHE_IRQHandler
                0x08001ab0                SAI1_IRQHandler
                0x08001ab0                HASH_IRQHandler
 *fill*         0x08001ab2        0x2 
 .text.sprintf  0x08001ab4       0x40 C:/ST/STM32CubeIDE_1.15.1/STM32CubeIDE/plugins/com.st.stm32cube.ide.mcu.externaltools.gnu-tools-for-stm32.12.3.rel1.win32_1.0.100.202403111256/tools/bin/../lib/gcc/arm-none-eabi/12.3.1/../../../../arm-none-eabi/lib/thumb/v8-m.main+fp/hard\libc_nano.a(libc_a-sprintf.o)
                0x08001ab4                siprintf
                0x08001ab4                sprintf
 .text.memset   0x08001af4       0x10 C:/ST/STM32CubeIDE_1.15.1/STM32CubeIDE/plugins/com.st.stm32cube.ide.mcu.externaltools.gnu-tools-for-stm32.12.3.rel1.win32_1.0.100.202403111256/tools/bin/../lib/gcc/arm-none-eabi/12.3.1/../../../../arm-none-eabi/lib/thumb/v8-m.main+fp/hard\libc_nano.a(libc_a-memset.o)
                0x08001af4                memset
 .text.strlcpy  0x08001b04       0x28 C:/ST/STM32CubeIDE_1.15.1/STM32CubeIDE/plugins/com.st.stm32cube.ide.mcu.externaltools.gnu-tools-for-stm32.12.3.rel1.win32_1.0.100.202403111256/tools/bin/../lib/gcc/arm-none-eabi/12.3.1/../../../../arm-none-eabi/lib/thumb/v8-m.main+fp/hard\libc_nano.a(libc_a-strlcpy.o)
                0x08001b04                strlcpy
 .text.strncmp  0x08001b2c       0x24 C:/ST/STM32CubeIDE_1.15.1/STM32CubeIDE/plugins/com.st.stm32cube.ide.mcu.externaltools.gnu-tools-for-stm32.12.3.rel1.win32_1.0.100.202403111256/tools/bin/../lib/gcc/arm-none-eabi/12.3.1/../../../../arm-none-eabi/lib/thumb/v8-m.main+fp/hard\libc_nano.a(libc_a-strncmp.o)
                0x08001b2c                strncmp
 .text.__errno  0x08001b50        0xc C:/ST/STM32CubeIDE_1.15.1/STM32CubeIDE/plugins/com.st.stm32cube.ide.mcu.externaltools.gnu-tools-for-stm32.12.3.rel1.win32_1.0.100.202403111256/tools/bin/../lib/gcc/arm-none-eabi/12.3.1/../../../../arm-none-eabi/lib/thumb/v8-m.main+fp/hard\libc_nano.a(libc_a-errno.o)
                0x08001b50                __errno
 .text.__libc_init_array
                0x08001b5c       0x48 C:/ST/STM32CubeIDE_1.15.1/STM32CubeIDE/plugins/com.st.stm32cube.ide.mcu.externaltools.gnu-tools-for-stm32.12.3.rel1.win32_1.0.100.202403111256/tools/bin/../lib/gcc/arm-none-eabi/12.3.1/../../../../arm-none-eabi/lib/thumb/v8-m.main+fp/hard\libc_nano.a(libc_a-init.o)
                0x08001b5c                __libc_init_array
 .text.__retarget_lock_acquire_recursive
                0x08001ba4        0x2 C:/ST/STM32CubeIDE_1.15.1/STM32CubeIDE/plugins/com.st.stm32cube.ide.mcu.externaltools.gnu-tools-for-stm32.12.3.rel1.win32_1.0.100.202403111256/tools/bin/../lib/gcc/arm-none-eabi/12.3.1/../../../../arm-none-eabi/lib/thumb/v8-m.main+fp/hard\libc_nano.a(libc_a-lock.o)
                0x08001ba4                __retarget_lock_acquire_recursive
 .text.__retarget_lock_release_recursive
                0x08001ba6        0x2 C:/ST/STM32CubeIDE_1.15.1/STM32CubeIDE/plugins/com.st.stm32cube.ide.mcu.externaltools.gnu-tools-for-stm32.12.3.rel1.win32_1.0.100.202403111256/tools/bin/../lib/gcc/arm-none-eabi/12.3.1/../../../../arm-none-eabi/lib/thumb/v8-m.main+fp/hard\libc_nano.a(libc_a-lock.o)
                0x08001ba6                __retarget_lock_release_recursive
 .text._free_r  0x08001ba8       0x94 C:/ST/STM32CubeIDE_1.15.1/STM32CubeIDE/plugins/com.st.stm32cube.ide.mcu.externaltools.gnu-tools-for-stm32.12.3.rel1.win32_1.0.100.202403111256/tools/bin/../lib/gcc/arm-none-eabi/12.3.1/../../../../arm-none-eabi/lib/thumb/v8-m.main+fp/hard\libc_nano.a(libc_a-freer.o)
                0x08001ba8                _free_r
 .text.sbrk_aligned
                0x08001c3c       0x44 C:/ST/STM32CubeIDE_1.15.1/STM32CubeIDE/plugins/com.st.stm32cube.ide.mcu.externaltools.gnu-tools-for-stm32.12.3.rel1.win32_1.0.100.202403111256/tools/bin/../lib/gcc/arm-none-eabi/12.3.1/../../../../arm-none-eabi/lib/thumb/v8-m.main+fp/hard\libc_nano.a(libc_a-mallocr.o)
 .text._malloc_r
                0x08001c80      0x100 C:/ST/STM32CubeIDE_1.15.1/STM32CubeIDE/plugins/com.st.stm32cube.ide.mcu.externaltools.gnu-tools-for-stm32.12.3.rel1.win32_1.0.100.202403111256/tools/bin/../lib/gcc/arm-none-eabi/12.3.1/../../../../arm-none-eabi/lib/thumb/v8-m.main+fp/hard\libc_nano.a(libc_a-mallocr.o)
                0x08001c80                _malloc_r
 .text.__malloc_lock
                0x08001d80        0xc C:/ST/STM32CubeIDE_1.15.1/STM32CubeIDE/plugins/com.st.stm32cube.ide.mcu.externaltools.gnu-tools-for-stm32.12.3.rel1.win32_1.0.100.202403111256/tools/bin/../lib/gcc/arm-none-eabi/12.3.1/../../../../arm-none-eabi/lib/thumb/v8-m.main+fp/hard\libc_nano.a(libc_a-mlock.o)
                0x08001d80                __malloc_lock
 .text.__malloc_unlock
                0x08001d8c        0xc C:/ST/STM32CubeIDE_1.15.1/STM32CubeIDE/plugins/com.st.stm32cube.ide.mcu.externaltools.gnu-tools-for-stm32.12.3.rel1.win32_1.0.100.202403111256/tools/bin/../lib/gcc/arm-none-eabi/12.3.1/../../../../arm-none-eabi/lib/thumb/v8-m.main+fp/hard\libc_nano.a(libc_a-mlock.o)
                0x08001d8c                __malloc_unlock
 .text.__ssputs_r
                0x08001d98       0xb6 C:/ST/STM32CubeIDE_1.15.1/STM32CubeIDE/plugins/com.st.stm32cube.ide.mcu.externaltools.gnu-tools-for-stm32.12.3.rel1.win32_1.0.100.202403111256/tools/bin/../lib/gcc/arm-none-eabi/12.3.1/../../../../arm-none-eabi/lib/thumb/v8-m.main+fp/hard\libc_nano.a(libc_a-nano-svfprintf.o)
                0x08001d98                __ssputs_r
 *fill*         0x08001e4e        0x2 
 .text._svfprintf_r
                0x08001e50      0x1f8 C:/ST/STM32CubeIDE_1.15.1/STM32CubeIDE/plugins/com.st.stm32cube.ide.mcu.externaltools.gnu-tools-for-stm32.12.3.rel1.win32_1.0.100.202403111256/tools/bin/../lib/gcc/arm-none-eabi/12.3.1/../../../../arm-none-eabi/lib/thumb/v8-m.main+fp/hard\libc_nano.a(libc_a-nano-svfprintf.o)
                0x08001e50                _svfiprintf_r
                0x08001e50                _svfprintf_r
 .text._printf_common
                0x08002048       0xe4 C:/ST/STM32CubeIDE_1.15.1/STM32CubeIDE/plugins/com.st.stm32cube.ide.mcu.externaltools.gnu-tools-for-stm32.12.3.rel1.win32_1.0.100.202403111256/tools/bin/../lib/gcc/arm-none-eabi/12.3.1/../../../../arm-none-eabi/lib/thumb/v8-m.main+fp/hard\libc_nano.a(libc_a-nano-vfprintf_i.o)
                0x08002048                _printf_common
 .text._printf_i
                0x0800212c      0x240 C:/ST/STM32CubeIDE_1.15.1/STM32CubeIDE/plugins/com.st.stm32cube.ide.mcu.externaltools.gnu-tools-for-stm32.12.3.rel1.win32_1.0.100.202403111256/tools/bin/../lib/gcc/arm-none-eabi/12.3.1/../../../../arm-none-eabi/lib/thumb/v8-m.main+fp/hard\libc_nano.a(libc_a-nano-vfprintf_i.o)
                0x0800212c                _printf_i
 .text.memmove  0x0800236c       0x34 C:/ST/STM32CubeIDE_1.15.1/STM32CubeIDE/plugins/com.st.stm32cube.ide.mcu.externaltools.gnu-tools-for-stm32.12.3.rel1.win32_1.0.100.202403111256/tools/bin/../lib/gcc/arm-none-eabi/12.3.1/../../../../arm-none-eabi/lib/thumb/v8-m.main+fp/hard\libc_nano.a(libc_a-memmove.o)
                0x0800236c                memmove
 .text._sbrk_r  0x080023a0       0x20 C:/ST/STM32CubeIDE_1.15.1/STM32CubeIDE/plugins/com.st.stm32cube.ide.mcu.externaltools.gnu-tools-for-stm32.12.3.rel1.win32_1.0.100.202403111256/tools/bin/../lib/gcc/arm-none-eabi/12.3.1/../../../../arm-none-eabi/lib/thumb/v8-m.main+fp/hard\libc_nano.a(libc_a-sbrkr.o)
                0x080023a0                _sbrk_r
 .text.memchr   0x080023c0       0x1c C:/ST/STM32CubeIDE_1.15.1/STM32CubeIDE/plugins/com.st.stm32cube.ide.mcu.externaltools.gnu-tools-for-stm32.12.3.rel1.win32_1.0.100.202403111256/tools/bin/../lib/gcc/arm-none-eabi/12.3.1/../../../../arm-none-eabi/lib/thumb/v8-m.main+fp/hard\libc_nano.a(libc_a-memchr-stub.o)
                0x080023c0                memchr
 .text.memcpy   0x080023dc       0x1a C:/ST/STM32CubeIDE_1.15.1/STM32CubeIDE/plugins/com.st.stm32cube.ide.mcu.externaltools.gnu-tools-for-stm32.12.3.rel1.win32_1.0.100.202403111256/tools/bin/../lib/gcc/arm-none-eabi/12.3.1/../../../../arm-none-eabi/lib/thumb/v8-m.main+fp/hard\libc_nano.a(libc_a-memcpy-stub.o)
                0x080023dc                memcpy
 .text._realloc_r
                0x080023f6       0x5c C:/ST/STM32CubeIDE_1.15.1/STM32CubeIDE/plugins/com.st.stm32cube.ide.mcu.externaltools.gnu-tools-for-stm32.12.3.rel1.win32_1.0.100.202403111256/tools/bin/../lib/gcc/arm-none-eabi/12.3.1/../../../../arm-none-eabi/lib/thumb/v8-m.main+fp/hard\libc_nano.a(libc_a-reallocr.o)
                0x080023f6                _realloc_r
 .text._malloc_usable_size_r
                0x08002452       0x10 C:/ST/STM32CubeIDE_1.15.1/STM32CubeIDE/plugins/com.st.stm32cube.ide.mcu.externaltools.gnu-tools-for-stm32.12.3.rel1.win32_1.0.100.202403111256/tools/bin/../lib/gcc/arm-none-eabi/12.3.1/../../../../arm-none-eabi/lib/thumb/v8-m.main+fp/hard\libc_nano.a(libc_a-msizer.o)
                0x08002452                _malloc_usable_size_r
 *(.glue_7)
 .glue_7        0x08002462        0x0 linker stubs
 *(.glue_7t)
 .glue_7t       0x08002462        0x0 linker stubs
 *(.eh_frame)
 *fill*         0x08002462        0x2 
 .eh_frame      0x08002464        0x0 C:/ST/STM32CubeIDE_1.15.1/STM32CubeIDE/plugins/com.st.stm32cube.ide.mcu.externaltools.gnu-tools-for-stm32.12.3.rel1.win32_1.0.100.202403111256/tools/bin/../lib/gcc/arm-none-eabi/12.3.1/thumb/v8-m.main+fp/hard/crtbegin.o
 *(.init)
 .init          0x08002464        0x4 C:/ST/STM32CubeIDE_1.15.1/STM32CubeIDE/plugins/com.st.stm32cube.ide.mcu.externaltools.gnu-tools-for-stm32.12.3.rel1.win32_1.0.100.202403111256/tools/bin/../lib/gcc/arm-none-eabi/12.3.1/thumb/v8-m.main+fp/hard/crti.o
                0x08002464                _init
 .init          0x08002468        0x8 C:/ST/STM32CubeIDE_1.15.1/STM32CubeIDE/plugins/com.st.stm32cube.ide.mcu.externaltools.gnu-tools-for-stm32.12.3.rel1.win32_1.0.100.202403111256/tools/bin/../lib/gcc/arm-none-eabi/12.3.1/thumb/v8-m.main+fp/hard/crtn.o
 *(.fini)
 .fini          0x08002470        0x4 C:/ST/STM32CubeIDE_1.15.1/STM32CubeIDE/plugins/com.st.stm32cube.ide.mcu.externaltools.gnu-tools-for-stm32.12.3.rel1.win32_1.0.100.202403111256/tools/bin/../lib/gcc/arm-none-eabi/12.3.1/thumb/v8-m.main+fp/hard/crti.o
                0x08002470                _fini
 .fini          0x08002474        0x8 C:/ST/STM32CubeIDE_1.15.1/STM32CubeIDE/plugins/com.st.stm32cube.ide.mcu.externaltools.gnu-tools-for-stm32.12.3.rel1.win32_1.0.100.202403111256/tools/bin/../lib/gcc/arm-none-eabi/12.3.1/thumb/v8-m.main+fp/hard/crtn.o
                0x0800247c                        . = ALIGN (0x4)
                0x0800247c                        _etext = .

.vfp11_veneer   0x0800247c        0x0
 .vfp11_veneer  0x0800247c        0x0 linker stubs

.v4_bx          0x0800247c        0x0
 .v4_bx         0x0800247c        0x0 linker stubs

.iplt           0x0800247c        0x0
 .iplt          0x0800247c        0x0 C:/ST/STM32CubeIDE_1.15.1/STM32CubeIDE/plugins/com.st.stm32cube.ide.mcu.externaltools.gnu-tools-for-stm32.12.3.rel1.win32_1.0.100.202403111256/tools/bin/../lib/gcc/arm-none-eabi/12.3.1/thumb/v8-m.main+fp/hard/crtbegin.o

.rodata         0x0800247c      0x190
                0x0800247c                        . = ALIGN (0x4)
 *(.rodata)
 .rodata        0x0800247c      0x15d ./Src/UART.o
 *(.rodata*)
 .rodata._svfprintf_r.str1.1
                0x080025d9       0x11 C:/ST/STM32CubeIDE_1.15.1/STM32CubeIDE/plugins/com.st.stm32cube.ide.mcu.externaltools.gnu-tools-for-stm32.12.3.rel1.win32_1.0.100.202403111256/tools/bin/../lib/gcc/arm-none-eabi/12.3.1/../../../../arm-none-eabi/lib/thumb/v8-m.main+fp/hard\libc_nano.a(libc_a-nano-svfprintf.o)
 .rodata._printf_i.str1.1
                0x080025ea       0x22 C:/ST/STM32CubeIDE_1.15.1/STM32CubeIDE/plugins/com.st.stm32cube.ide.mcu.externaltools.gnu-tools-for-stm32.12.3.rel1.win32_1.0.100.202403111256/tools/bin/../lib/gcc/arm-none-eabi/12.3.1/../../../../arm-none-eabi/lib/thumb/v8-m.main+fp/hard\libc_nano.a(libc_a-nano-vfprintf_i.o)
                0x0800260c                        . = ALIGN (0x4)

.ARM.extab      0x0800260c        0x0
                0x0800260c                        . = ALIGN (0x4)
 *(.ARM.extab* .gnu.linkonce.armextab.*)
                0x0800260c                        . = ALIGN (0x4)

.ARM            0x0800260c        0x0
                0x0800260c                        . = ALIGN (0x4)
                0x0800260c                        __exidx_start = .
 *(.ARM.exidx*)
                0x0800260c                        __exidx_end = .
                0x0800260c                        . = ALIGN (0x4)

.preinit_array  0x0800260c        0x0
                0x0800260c                        . = ALIGN (0x4)
                0x0800260c                        PROVIDE (__preinit_array_start = .)
 *(.preinit_array*)
                0x0800260c                        PROVIDE (__preinit_array_end = .)
                0x0800260c                        . = ALIGN (0x4)

.init_array     0x0800260c        0x4
                0x0800260c                        . = ALIGN (0x4)
                0x0800260c                        PROVIDE (__init_array_start = .)
 *(SORT_BY_NAME(.init_array.*))
 *(.init_array*)
 .init_array    0x0800260c        0x4 C:/ST/STM32CubeIDE_1.15.1/STM32CubeIDE/plugins/com.st.stm32cube.ide.mcu.externaltools.gnu-tools-for-stm32.12.3.rel1.win32_1.0.100.202403111256/tools/bin/../lib/gcc/arm-none-eabi/12.3.1/thumb/v8-m.main+fp/hard/crtbegin.o
                0x08002610                        PROVIDE (__init_array_end = .)
                0x08002610                        . = ALIGN (0x4)

.fini_array     0x08002610        0x4
                0x08002610                        . = ALIGN (0x4)
                [!provide]                        PROVIDE (__fini_array_start = .)
 *(SORT_BY_NAME(.fini_array.*))
 *(.fini_array*)
 .fini_array    0x08002610        0x4 C:/ST/STM32CubeIDE_1.15.1/STM32CubeIDE/plugins/com.st.stm32cube.ide.mcu.externaltools.gnu-tools-for-stm32.12.3.rel1.win32_1.0.100.202403111256/tools/bin/../lib/gcc/arm-none-eabi/12.3.1/thumb/v8-m.main+fp/hard/crtbegin.o
                [!provide]                        PROVIDE (__fini_array_end = .)
                0x08002614                        . = ALIGN (0x4)
                0x08002614                        _sidata = LOADADDR (.data)

.rel.dyn        0x08002614        0x0
 .rel.iplt      0x08002614        0x0 C:/ST/STM32CubeIDE_1.15.1/STM32CubeIDE/plugins/com.st.stm32cube.ide.mcu.externaltools.gnu-tools-for-stm32.12.3.rel1.win32_1.0.100.202403111256/tools/bin/../lib/gcc/arm-none-eabi/12.3.1/thumb/v8-m.main+fp/hard/crtbegin.o

.data           0x20000000     0x11f0 load address 0x08002614
                0x20000000                        . = ALIGN (0x4)
                0x20000000                        _sdata = .
 *(.data)
 *(.data*)
 .data.read_time
                0x20000000        0x1 ./Src/ADC.o
                0x20000000                read_time
 *fill*         0x20000001        0x3 
 .data.stopping_man
                0x20000004       0x20 ./Src/GPIO.o
                0x20000004                stopping_man
 .data.walking_man_1
                0x20000024       0x20 ./Src/GPIO.o
                0x20000024                walking_man_1
 .data.walking_man_2_4
                0x20000044       0x20 ./Src/GPIO.o
                0x20000044                walking_man_2_4
 .data.walking_man_3
                0x20000064       0x20 ./Src/GPIO.o
                0x20000064                walking_man_3
 .data.GeneralTraficLight
                0x20000084        0xc ./Src/UART.o
                0x20000084                GeneralTraficLight
 .data.eof      0x20000090        0x1 ./Src/UART.o
                0x20000090                eof
 *fill*         0x20000091        0x3 
 .data.char2send.1
                0x20000094        0x4 ./Src/UART.o
 .data.char_read.0
                0x20000098        0x4 ./Src/UART.o
 .data.ascii_classes
                0x2000009c      0x200 ./Src/mu_json.o
 .data.state_transition_table
                0x2000029c      0xf04 ./Src/mu_json.o
 .data._impure_ptr
                0x200011a0        0x4 C:/ST/STM32CubeIDE_1.15.1/STM32CubeIDE/plugins/com.st.stm32cube.ide.mcu.externaltools.gnu-tools-for-stm32.12.3.rel1.win32_1.0.100.202403111256/tools/bin/../lib/gcc/arm-none-eabi/12.3.1/../../../../arm-none-eabi/lib/thumb/v8-m.main+fp/hard\libc_nano.a(libc_a-impure.o)
                0x200011a0                _impure_ptr
 .data._impure_data
                0x200011a4       0x4c C:/ST/STM32CubeIDE_1.15.1/STM32CubeIDE/plugins/com.st.stm32cube.ide.mcu.externaltools.gnu-tools-for-stm32.12.3.rel1.win32_1.0.100.202403111256/tools/bin/../lib/gcc/arm-none-eabi/12.3.1/../../../../arm-none-eabi/lib/thumb/v8-m.main+fp/hard\libc_nano.a(libc_a-impure.o)
                0x200011a4                _impure_data
 *(.RamFunc)
 *(.RamFunc*)
                0x200011f0                        . = ALIGN (0x4)
                0x200011f0                        _edata = .

.igot.plt       0x200011f0        0x0 load address 0x08003804
 .igot.plt      0x200011f0        0x0 C:/ST/STM32CubeIDE_1.15.1/STM32CubeIDE/plugins/com.st.stm32cube.ide.mcu.externaltools.gnu-tools-for-stm32.12.3.rel1.win32_1.0.100.202403111256/tools/bin/../lib/gcc/arm-none-eabi/12.3.1/thumb/v8-m.main+fp/hard/crtbegin.o
                0x200011f0                        . = ALIGN (0x4)

.bss            0x200011f0     0x211c load address 0x08003804
                0x200011f0                        _sbss = .
                0x200011f0                        __bss_start__ = _sbss
 *(.bss)
 .bss           0x200011f0       0x1c C:/ST/STM32CubeIDE_1.15.1/STM32CubeIDE/plugins/com.st.stm32cube.ide.mcu.externaltools.gnu-tools-for-stm32.12.3.rel1.win32_1.0.100.202403111256/tools/bin/../lib/gcc/arm-none-eabi/12.3.1/thumb/v8-m.main+fp/hard/crtbegin.o
 *(.bss*)
 .bss.brightness
                0x2000120c        0x2 ./Src/ADC.o
                0x2000120c                brightness
 .bss.read_brightness_flag
                0x2000120e        0x1 ./Src/ADC.o
                0x2000120e                read_brightness_flag
 *fill*         0x2000120f        0x1 
 .bss.animation_frame
                0x20001210     0x1b92 ./Src/GPIO.o
                0x20001210                animation_frame
 .bss.state     0x20002da2        0x1 ./Src/ICOC.o
                0x20002da2                state
 *fill*         0x20002da3        0x1 
 .bss.time_start
                0x20002da4        0x4 ./Src/ICOC.o
                0x20002da4                time_start
 .bss.time_end  0x20002da8        0x4 ./Src/ICOC.o
                0x20002da8                time_end
 .bss.number_of_overflows_in_between
                0x20002dac        0x4 ./Src/ICOC.o
                0x20002dac                number_of_overflows_in_between
 .bss.number_of_pulses_in_between
                0x20002db0        0x4 ./Src/ICOC.o
                0x20002db0                number_of_pulses_in_between
 .bss.distance_in_centimeters
                0x20002db4        0x4 ./Src/ICOC.o
                0x20002db4                distance_in_centimeters
 .bss.measuring
                0x20002db8        0x1 ./Src/ICOC.o
                0x20002db8                measuring
 *fill*         0x20002db9        0x3 
 .bss.TXmessage
                0x20002dbc      0x200 ./Src/UART.o
                0x20002dbc                TXmessage
 .bss.RXmessage
                0x20002fbc      0x200 ./Src/UART.o
                0x20002fbc                RXmessage
 .bss.bruh      0x200031bc        0x4 ./Src/main.o
                0x200031bc                bruh
 .bss.__sbrk_heap_end
                0x200031c0        0x4 ./Src/sysmem.o
 .bss.__sf      0x200031c4      0x138 C:/ST/STM32CubeIDE_1.15.1/STM32CubeIDE/plugins/com.st.stm32cube.ide.mcu.externaltools.gnu-tools-for-stm32.12.3.rel1.win32_1.0.100.202403111256/tools/bin/../lib/gcc/arm-none-eabi/12.3.1/../../../../arm-none-eabi/lib/thumb/v8-m.main+fp/hard\libc_nano.a(libc_a-findfp.o)
                0x200031c4                __sf
 .bss.errno     0x200032fc        0x4 C:/ST/STM32CubeIDE_1.15.1/STM32CubeIDE/plugins/com.st.stm32cube.ide.mcu.externaltools.gnu-tools-for-stm32.12.3.rel1.win32_1.0.100.202403111256/tools/bin/../lib/gcc/arm-none-eabi/12.3.1/../../../../arm-none-eabi/lib/thumb/v8-m.main+fp/hard\libc_nano.a(libc_a-reent.o)
                0x200032fc                errno
 .bss.__lock___malloc_recursive_mutex
                0x20003300        0x1 C:/ST/STM32CubeIDE_1.15.1/STM32CubeIDE/plugins/com.st.stm32cube.ide.mcu.externaltools.gnu-tools-for-stm32.12.3.rel1.win32_1.0.100.202403111256/tools/bin/../lib/gcc/arm-none-eabi/12.3.1/../../../../arm-none-eabi/lib/thumb/v8-m.main+fp/hard\libc_nano.a(libc_a-lock.o)
                0x20003300                __lock___malloc_recursive_mutex
 *fill*         0x20003301        0x3 
 .bss.__malloc_sbrk_start
                0x20003304        0x4 C:/ST/STM32CubeIDE_1.15.1/STM32CubeIDE/plugins/com.st.stm32cube.ide.mcu.externaltools.gnu-tools-for-stm32.12.3.rel1.win32_1.0.100.202403111256/tools/bin/../lib/gcc/arm-none-eabi/12.3.1/../../../../arm-none-eabi/lib/thumb/v8-m.main+fp/hard\libc_nano.a(libc_a-mallocr.o)
                0x20003304                __malloc_sbrk_start
 .bss.__malloc_free_list
                0x20003308        0x4 C:/ST/STM32CubeIDE_1.15.1/STM32CubeIDE/plugins/com.st.stm32cube.ide.mcu.externaltools.gnu-tools-for-stm32.12.3.rel1.win32_1.0.100.202403111256/tools/bin/../lib/gcc/arm-none-eabi/12.3.1/../../../../arm-none-eabi/lib/thumb/v8-m.main+fp/hard\libc_nano.a(libc_a-mallocr.o)
                0x20003308                __malloc_free_list
 *(COMMON)
                0x2000330c                        . = ALIGN (0x4)
                0x2000330c                        _ebss = .
                0x2000330c                        __bss_end__ = _ebss

._user_heap_stack
                0x2000330c      0x604 load address 0x08003804
                0x20003310                        . = ALIGN (0x8)
 *fill*         0x2000330c        0x4 
                [!provide]                        PROVIDE (end = .)
                0x20003310                        PROVIDE (_end = .)
                0x20003510                        . = (. + _Min_Heap_Size)
 *fill*         0x20003310      0x200 
                0x20003910                        . = (. + _Min_Stack_Size)
 *fill*         0x20003510      0x400 
                0x20003910                        . = ALIGN (0x8)

/DISCARD/
 libc.a(*)
 libm.a(*)
 libgcc.a(*)

.ARM.attributes
                0x00000000       0x36
 *(.ARM.attributes)
 .ARM.attributes
                0x00000000       0x26 C:/ST/STM32CubeIDE_1.15.1/STM32CubeIDE/plugins/com.st.stm32cube.ide.mcu.externaltools.gnu-tools-for-stm32.12.3.rel1.win32_1.0.100.202403111256/tools/bin/../lib/gcc/arm-none-eabi/12.3.1/thumb/v8-m.main+fp/hard/crti.o
 .ARM.attributes
                0x00000026       0x38 C:/ST/STM32CubeIDE_1.15.1/STM32CubeIDE/plugins/com.st.stm32cube.ide.mcu.externaltools.gnu-tools-for-stm32.12.3.rel1.win32_1.0.100.202403111256/tools/bin/../lib/gcc/arm-none-eabi/12.3.1/thumb/v8-m.main+fp/hard/crtbegin.o
 .ARM.attributes
                0x0000005e       0x3a ./Src/ADC.o
 .ARM.attributes
                0x00000098       0x3a ./Src/GPIO.o
 .ARM.attributes
                0x000000d2       0x3a ./Src/ICOC.o
 .ARM.attributes
                0x0000010c       0x3a ./Src/UART.o
 .ARM.attributes
                0x00000146       0x3a ./Src/main.o
 .ARM.attributes
                0x00000180       0x3a ./Src/mu_json.o
 .ARM.attributes
                0x000001ba       0x3a ./Src/mu_str.o
 .ARM.attributes
                0x000001f4       0x3a ./Src/sysmem.o
 .ARM.attributes
                0x0000022e       0x24 ./Startup/startup_stm32l552zetxq.o
 .ARM.attributes
                0x00000252       0x38 C:/ST/STM32CubeIDE_1.15.1/STM32CubeIDE/plugins/com.st.stm32cube.ide.mcu.externaltools.gnu-tools-for-stm32.12.3.rel1.win32_1.0.100.202403111256/tools/bin/../lib/gcc/arm-none-eabi/12.3.1/../../../../arm-none-eabi/lib/thumb/v8-m.main+fp/hard\libc_nano.a(libc_a-findfp.o)
 .ARM.attributes
                0x0000028a       0x38 C:/ST/STM32CubeIDE_1.15.1/STM32CubeIDE/plugins/com.st.stm32cube.ide.mcu.externaltools.gnu-tools-for-stm32.12.3.rel1.win32_1.0.100.202403111256/tools/bin/../lib/gcc/arm-none-eabi/12.3.1/../../../../arm-none-eabi/lib/thumb/v8-m.main+fp/hard\libc_nano.a(libc_a-sprintf.o)
 .ARM.attributes
                0x000002c2       0x38 C:/ST/STM32CubeIDE_1.15.1/STM32CubeIDE/plugins/com.st.stm32cube.ide.mcu.externaltools.gnu-tools-for-stm32.12.3.rel1.win32_1.0.100.202403111256/tools/bin/../lib/gcc/arm-none-eabi/12.3.1/../../../../arm-none-eabi/lib/thumb/v8-m.main+fp/hard\libc_nano.a(libc_a-memset.o)
 .ARM.attributes
                0x000002fa       0x38 C:/ST/STM32CubeIDE_1.15.1/STM32CubeIDE/plugins/com.st.stm32cube.ide.mcu.externaltools.gnu-tools-for-stm32.12.3.rel1.win32_1.0.100.202403111256/tools/bin/../lib/gcc/arm-none-eabi/12.3.1/../../../../arm-none-eabi/lib/thumb/v8-m.main+fp/hard\libc_nano.a(libc_a-strlcpy.o)
 .ARM.attributes
                0x00000332       0x38 C:/ST/STM32CubeIDE_1.15.1/STM32CubeIDE/plugins/com.st.stm32cube.ide.mcu.externaltools.gnu-tools-for-stm32.12.3.rel1.win32_1.0.100.202403111256/tools/bin/../lib/gcc/arm-none-eabi/12.3.1/../../../../arm-none-eabi/lib/thumb/v8-m.main+fp/hard\libc_nano.a(libc_a-strncmp.o)
 .ARM.attributes
                0x0000036a       0x38 C:/ST/STM32CubeIDE_1.15.1/STM32CubeIDE/plugins/com.st.stm32cube.ide.mcu.externaltools.gnu-tools-for-stm32.12.3.rel1.win32_1.0.100.202403111256/tools/bin/../lib/gcc/arm-none-eabi/12.3.1/../../../../arm-none-eabi/lib/thumb/v8-m.main+fp/hard\libc_nano.a(libc_a-reent.o)
 .ARM.attributes
                0x000003a2       0x38 C:/ST/STM32CubeIDE_1.15.1/STM32CubeIDE/plugins/com.st.stm32cube.ide.mcu.externaltools.gnu-tools-for-stm32.12.3.rel1.win32_1.0.100.202403111256/tools/bin/../lib/gcc/arm-none-eabi/12.3.1/../../../../arm-none-eabi/lib/thumb/v8-m.main+fp/hard\libc_nano.a(libc_a-impure.o)
 .ARM.attributes
                0x000003da       0x38 C:/ST/STM32CubeIDE_1.15.1/STM32CubeIDE/plugins/com.st.stm32cube.ide.mcu.externaltools.gnu-tools-for-stm32.12.3.rel1.win32_1.0.100.202403111256/tools/bin/../lib/gcc/arm-none-eabi/12.3.1/../../../../arm-none-eabi/lib/thumb/v8-m.main+fp/hard\libc_nano.a(libc_a-errno.o)
 .ARM.attributes
                0x00000412       0x38 C:/ST/STM32CubeIDE_1.15.1/STM32CubeIDE/plugins/com.st.stm32cube.ide.mcu.externaltools.gnu-tools-for-stm32.12.3.rel1.win32_1.0.100.202403111256/tools/bin/../lib/gcc/arm-none-eabi/12.3.1/../../../../arm-none-eabi/lib/thumb/v8-m.main+fp/hard\libc_nano.a(libc_a-init.o)
 .ARM.attributes
                0x0000044a       0x38 C:/ST/STM32CubeIDE_1.15.1/STM32CubeIDE/plugins/com.st.stm32cube.ide.mcu.externaltools.gnu-tools-for-stm32.12.3.rel1.win32_1.0.100.202403111256/tools/bin/../lib/gcc/arm-none-eabi/12.3.1/../../../../arm-none-eabi/lib/thumb/v8-m.main+fp/hard\libc_nano.a(libc_a-lock.o)
 .ARM.attributes
                0x00000482       0x38 C:/ST/STM32CubeIDE_1.15.1/STM32CubeIDE/plugins/com.st.stm32cube.ide.mcu.externaltools.gnu-tools-for-stm32.12.3.rel1.win32_1.0.100.202403111256/tools/bin/../lib/gcc/arm-none-eabi/12.3.1/../../../../arm-none-eabi/lib/thumb/v8-m.main+fp/hard\libc_nano.a(libc_a-freer.o)
 .ARM.attributes
                0x000004ba       0x38 C:/ST/STM32CubeIDE_1.15.1/STM32CubeIDE/plugins/com.st.stm32cube.ide.mcu.externaltools.gnu-tools-for-stm32.12.3.rel1.win32_1.0.100.202403111256/tools/bin/../lib/gcc/arm-none-eabi/12.3.1/../../../../arm-none-eabi/lib/thumb/v8-m.main+fp/hard\libc_nano.a(libc_a-mallocr.o)
 .ARM.attributes
                0x000004f2       0x38 C:/ST/STM32CubeIDE_1.15.1/STM32CubeIDE/plugins/com.st.stm32cube.ide.mcu.externaltools.gnu-tools-for-stm32.12.3.rel1.win32_1.0.100.202403111256/tools/bin/../lib/gcc/arm-none-eabi/12.3.1/../../../../arm-none-eabi/lib/thumb/v8-m.main+fp/hard\libc_nano.a(libc_a-mlock.o)
 .ARM.attributes
                0x0000052a       0x38 C:/ST/STM32CubeIDE_1.15.1/STM32CubeIDE/plugins/com.st.stm32cube.ide.mcu.externaltools.gnu-tools-for-stm32.12.3.rel1.win32_1.0.100.202403111256/tools/bin/../lib/gcc/arm-none-eabi/12.3.1/../../../../arm-none-eabi/lib/thumb/v8-m.main+fp/hard\libc_nano.a(libc_a-nano-svfprintf.o)
 .ARM.attributes
                0x00000562       0x38 C:/ST/STM32CubeIDE_1.15.1/STM32CubeIDE/plugins/com.st.stm32cube.ide.mcu.externaltools.gnu-tools-for-stm32.12.3.rel1.win32_1.0.100.202403111256/tools/bin/../lib/gcc/arm-none-eabi/12.3.1/../../../../arm-none-eabi/lib/thumb/v8-m.main+fp/hard\libc_nano.a(libc_a-nano-vfprintf_i.o)
 .ARM.attributes
                0x0000059a       0x38 C:/ST/STM32CubeIDE_1.15.1/STM32CubeIDE/plugins/com.st.stm32cube.ide.mcu.externaltools.gnu-tools-for-stm32.12.3.rel1.win32_1.0.100.202403111256/tools/bin/../lib/gcc/arm-none-eabi/12.3.1/../../../../arm-none-eabi/lib/thumb/v8-m.main+fp/hard\libc_nano.a(libc_a-memmove.o)
 .ARM.attributes
                0x000005d2       0x38 C:/ST/STM32CubeIDE_1.15.1/STM32CubeIDE/plugins/com.st.stm32cube.ide.mcu.externaltools.gnu-tools-for-stm32.12.3.rel1.win32_1.0.100.202403111256/tools/bin/../lib/gcc/arm-none-eabi/12.3.1/../../../../arm-none-eabi/lib/thumb/v8-m.main+fp/hard\libc_nano.a(libc_a-sbrkr.o)
 .ARM.attributes
                0x0000060a       0x38 C:/ST/STM32CubeIDE_1.15.1/STM32CubeIDE/plugins/com.st.stm32cube.ide.mcu.externaltools.gnu-tools-for-stm32.12.3.rel1.win32_1.0.100.202403111256/tools/bin/../lib/gcc/arm-none-eabi/12.3.1/../../../../arm-none-eabi/lib/thumb/v8-m.main+fp/hard\libc_nano.a(libc_a-memchr-stub.o)
 .ARM.attributes
                0x00000642       0x38 C:/ST/STM32CubeIDE_1.15.1/STM32CubeIDE/plugins/com.st.stm32cube.ide.mcu.externaltools.gnu-tools-for-stm32.12.3.rel1.win32_1.0.100.202403111256/tools/bin/../lib/gcc/arm-none-eabi/12.3.1/../../../../arm-none-eabi/lib/thumb/v8-m.main+fp/hard\libc_nano.a(libc_a-memcpy-stub.o)
 .ARM.attributes
                0x0000067a       0x38 C:/ST/STM32CubeIDE_1.15.1/STM32CubeIDE/plugins/com.st.stm32cube.ide.mcu.externaltools.gnu-tools-for-stm32.12.3.rel1.win32_1.0.100.202403111256/tools/bin/../lib/gcc/arm-none-eabi/12.3.1/../../../../arm-none-eabi/lib/thumb/v8-m.main+fp/hard\libc_nano.a(libc_a-reallocr.o)
 .ARM.attributes
                0x000006b2       0x38 C:/ST/STM32CubeIDE_1.15.1/STM32CubeIDE/plugins/com.st.stm32cube.ide.mcu.externaltools.gnu-tools-for-stm32.12.3.rel1.win32_1.0.100.202403111256/tools/bin/../lib/gcc/arm-none-eabi/12.3.1/../../../../arm-none-eabi/lib/thumb/v8-m.main+fp/hard\libc_nano.a(libc_a-msizer.o)
 .ARM.attributes
                0x000006ea       0x26 C:/ST/STM32CubeIDE_1.15.1/STM32CubeIDE/plugins/com.st.stm32cube.ide.mcu.externaltools.gnu-tools-for-stm32.12.3.rel1.win32_1.0.100.202403111256/tools/bin/../lib/gcc/arm-none-eabi/12.3.1/thumb/v8-m.main+fp/hard/crtn.o
OUTPUT(state-timer.elf elf32-littlearm)
LOAD linker stubs
LOAD C:/ST/STM32CubeIDE_1.15.1/STM32CubeIDE/plugins/com.st.stm32cube.ide.mcu.externaltools.gnu-tools-for-stm32.12.3.rel1.win32_1.0.100.202403111256/tools/bin/../lib/gcc/arm-none-eabi/12.3.1/../../../../arm-none-eabi/lib/thumb/v8-m.main+fp/hard\libc.a
LOAD C:/ST/STM32CubeIDE_1.15.1/STM32CubeIDE/plugins/com.st.stm32cube.ide.mcu.externaltools.gnu-tools-for-stm32.12.3.rel1.win32_1.0.100.202403111256/tools/bin/../lib/gcc/arm-none-eabi/12.3.1/../../../../arm-none-eabi/lib/thumb/v8-m.main+fp/hard\libm.a
LOAD C:/ST/STM32CubeIDE_1.15.1/STM32CubeIDE/plugins/com.st.stm32cube.ide.mcu.externaltools.gnu-tools-for-stm32.12.3.rel1.win32_1.0.100.202403111256/tools/bin/../lib/gcc/arm-none-eabi/12.3.1/thumb/v8-m.main+fp/hard\libgcc.a

.debug_info     0x00000000     0x3980
 .debug_info    0x00000000      0x358 ./Src/ADC.o
 .debug_info    0x00000358      0x72e ./Src/GPIO.o
 .debug_info    0x00000a86      0x374 ./Src/ICOC.o
 .debug_info    0x00000dfa      0x774 ./Src/UART.o
 .debug_info    0x0000156e      0x1cf ./Src/main.o
 .debug_info    0x0000173d      0xf61 ./Src/mu_json.o
 .debug_info    0x0000269e     0x114a ./Src/mu_str.o
 .debug_info    0x000037e8      0x168 ./Src/sysmem.o
 .debug_info    0x00003950       0x30 ./Startup/startup_stm32l552zetxq.o

.debug_abbrev   0x00000000      0xc64
 .debug_abbrev  0x00000000       0xee ./Src/ADC.o
 .debug_abbrev  0x000000ee      0x186 ./Src/GPIO.o
 .debug_abbrev  0x00000274       0xd1 ./Src/ICOC.o
 .debug_abbrev  0x00000345      0x245 ./Src/UART.o
 .debug_abbrev  0x0000058a      0x12f ./Src/main.o
 .debug_abbrev  0x000006b9      0x28b ./Src/mu_json.o
 .debug_abbrev  0x00000944      0x240 ./Src/mu_str.o
 .debug_abbrev  0x00000b84       0xbc ./Src/sysmem.o
 .debug_abbrev  0x00000c40       0x24 ./Startup/startup_stm32l552zetxq.o

.debug_aranges  0x00000000      0x430
 .debug_aranges
                0x00000000       0x30 ./Src/ADC.o
 .debug_aranges
                0x00000030       0x48 ./Src/GPIO.o
 .debug_aranges
                0x00000078       0x40 ./Src/ICOC.o
 .debug_aranges
                0x000000b8       0x50 ./Src/UART.o
 .debug_aranges
                0x00000108       0x20 ./Src/main.o
 .debug_aranges
                0x00000128      0x128 ./Src/mu_json.o
 .debug_aranges
                0x00000250      0x198 ./Src/mu_str.o
 .debug_aranges
                0x000003e8       0x20 ./Src/sysmem.o
 .debug_aranges
                0x00000408       0x28 ./Startup/startup_stm32l552zetxq.o

.debug_rnglists
                0x00000000      0x31a
 .debug_rnglists
                0x00000000       0x20 ./Src/ADC.o
 .debug_rnglists
                0x00000020       0x34 ./Src/GPIO.o
 .debug_rnglists
                0x00000054       0x2d ./Src/ICOC.o
 .debug_rnglists
                0x00000081       0x47 ./Src/UART.o
 .debug_rnglists
                0x000000c8       0x14 ./Src/main.o
 .debug_rnglists
                0x000000dc       0xdb ./Src/mu_json.o
 .debug_rnglists
                0x000001b7      0x137 ./Src/mu_str.o
 .debug_rnglists
                0x000002ee       0x13 ./Src/sysmem.o
 .debug_rnglists
                0x00000301       0x19 ./Startup/startup_stm32l552zetxq.o

.debug_macro    0x00000000     0x2b33
 .debug_macro   0x00000000       0x7b ./Src/ADC.o
 .debug_macro   0x0000007b      0xac6 ./Src/ADC.o
 .debug_macro   0x00000b41       0x22 ./Src/ADC.o
 .debug_macro   0x00000b63       0x8e ./Src/ADC.o
 .debug_macro   0x00000bf1       0x51 ./Src/ADC.o
 .debug_macro   0x00000c42      0x103 ./Src/ADC.o
 .debug_macro   0x00000d45       0x6a ./Src/ADC.o
 .debug_macro   0x00000daf      0x1df ./Src/ADC.o
 .debug_macro   0x00000f8e       0x22 ./Src/ADC.o
 .debug_macro   0x00000fb0       0x22 ./Src/ADC.o
 .debug_macro   0x00000fd2      0x169 ./Src/GPIO.o
 .debug_macro   0x0000113b       0x2e ./Src/GPIO.o
 .debug_macro   0x00001169       0x10 ./Src/GPIO.o
 .debug_macro   0x00001179       0x10 ./Src/GPIO.o
 .debug_macro   0x00001189       0x5e ./Src/GPIO.o
 .debug_macro   0x000011e7       0x61 ./Src/GPIO.o
 .debug_macro   0x00001248       0x2a ./Src/GPIO.o
 .debug_macro   0x00001272       0x43 ./Src/GPIO.o
 .debug_macro   0x000012b5       0x34 ./Src/GPIO.o
 .debug_macro   0x000012e9      0x189 ./Src/GPIO.o
 .debug_macro   0x00001472       0x16 ./Src/GPIO.o
 .debug_macro   0x00001488       0x43 ./Src/GPIO.o
 .debug_macro   0x000014cb       0x34 ./Src/GPIO.o
 .debug_macro   0x000014ff       0x10 ./Src/GPIO.o
 .debug_macro   0x0000150f       0x58 ./Src/GPIO.o
 .debug_macro   0x00001567       0x8e ./Src/GPIO.o
 .debug_macro   0x000015f5       0x1c ./Src/GPIO.o
 .debug_macro   0x00001611      0x177 ./Src/GPIO.o
 .debug_macro   0x00001788      0x369 ./Src/GPIO.o
 .debug_macro   0x00001af1       0x10 ./Src/GPIO.o
 .debug_macro   0x00001b01       0x35 ./Src/GPIO.o
 .debug_macro   0x00001b36       0x20 ./Src/GPIO.o
 .debug_macro   0x00001b56       0xb7 ./Src/ICOC.o
 .debug_macro   0x00001c0d      0x23a ./Src/UART.o
 .debug_macro   0x00001e47       0x1c ./Src/UART.o
 .debug_macro   0x00001e63       0x10 ./Src/UART.o
 .debug_macro   0x00001e73       0x1c ./Src/UART.o
 .debug_macro   0x00001e8f       0x16 ./Src/UART.o
 .debug_macro   0x00001ea5      0x146 ./Src/UART.o
 .debug_macro   0x00001feb       0x16 ./Src/UART.o
 .debug_macro   0x00002001       0x16 ./Src/UART.o
 .debug_macro   0x00002017       0x29 ./Src/UART.o
 .debug_macro   0x00002040      0x11f ./Src/UART.o
 .debug_macro   0x0000215f       0x16 ./Src/UART.o
 .debug_macro   0x00002175       0x7c ./Src/UART.o
 .debug_macro   0x000021f1       0x17 ./Src/UART.o
 .debug_macro   0x00002208      0x118 ./Src/UART.o
 .debug_macro   0x00002320       0x10 ./Src/UART.o
 .debug_macro   0x00002330       0x10 ./Src/UART.o
 .debug_macro   0x00002340       0x87 ./Src/main.o
 .debug_macro   0x000023c7      0x212 ./Src/mu_json.o
 .debug_macro   0x000025d9       0x5b ./Src/mu_json.o
 .debug_macro   0x00002634       0x94 ./Src/mu_json.o
 .debug_macro   0x000026c8       0x16 ./Src/mu_json.o
 .debug_macro   0x000026de       0x16 ./Src/mu_json.o
 .debug_macro   0x000026f4       0x16 ./Src/mu_json.o
 .debug_macro   0x0000270a       0xee ./Src/mu_str.o
 .debug_macro   0x000027f8       0xff ./Src/sysmem.o
 .debug_macro   0x000028f7      0x23c ./Src/sysmem.o

.debug_line     0x00000000     0x4541
 .debug_line    0x00000000      0x506 ./Src/ADC.o
 .debug_line    0x00000506      0x948 ./Src/GPIO.o
 .debug_line    0x00000e4e      0x5e0 ./Src/ICOC.o
 .debug_line    0x0000142e      0x998 ./Src/UART.o
 .debug_line    0x00001dc6      0x505 ./Src/main.o
 .debug_line    0x000022cb      0xd44 ./Src/mu_json.o
 .debug_line    0x0000300f      0xf39 ./Src/mu_str.o
 .debug_line    0x00003f48      0x57e ./Src/sysmem.o
 .debug_line    0x000044c6       0x7b ./Startup/startup_stm32l552zetxq.o

.debug_str      0x00000000     0xaa37
 .debug_str     0x00000000     0x3e47 ./Src/ADC.o
                               0x3fd7 (size before relaxing)
 .debug_str     0x00003e47     0x3aa4 ./Src/GPIO.o
                               0x78f0 (size before relaxing)
 .debug_str     0x000078eb      0x2e2 ./Src/ICOC.o
                               0x40d0 (size before relaxing)
 .debug_str     0x00007bcd     0x18e7 ./Src/UART.o
                               0x8fe2 (size before relaxing)
 .debug_str     0x000094b4       0x18 ./Src/main.o
                               0x41c0 (size before relaxing)
 .debug_str     0x000094cc      0xa97 ./Src/mu_json.o
                               0x8b90 (size before relaxing)
 .debug_str     0x00009f63      0x573 ./Src/mu_str.o
                               0x630f (size before relaxing)
 .debug_str     0x0000a4d6      0x4d7 ./Src/sysmem.o
                               0x6103 (size before relaxing)
 .debug_str     0x0000a9ad       0x8a ./Startup/startup_stm32l552zetxq.o

.comment        0x00000000       0x43
 .comment       0x00000000       0x43 ./Src/ADC.o
                                 0x44 (size before relaxing)
 .comment       0x00000043       0x44 ./Src/GPIO.o
 .comment       0x00000043       0x44 ./Src/ICOC.o
 .comment       0x00000043       0x44 ./Src/UART.o
 .comment       0x00000043       0x44 ./Src/main.o
 .comment       0x00000043       0x44 ./Src/mu_json.o
 .comment       0x00000043       0x44 ./Src/mu_str.o
 .comment       0x00000043       0x44 ./Src/sysmem.o

.debug_frame    0x00000000     0x15dc
 .debug_frame   0x00000000       0x78 ./Src/ADC.o
 .debug_frame   0x00000078       0xe8 ./Src/GPIO.o
 .debug_frame   0x00000160       0xb0 ./Src/ICOC.o
 .debug_frame   0x00000210      0x118 ./Src/UART.o
 .debug_frame   0x00000328       0x30 ./Src/main.o
 .debug_frame   0x00000358      0x52c ./Src/mu_json.o
 .debug_frame   0x00000884      0x728 ./Src/mu_str.o
 .debug_frame   0x00000fac       0x34 ./Src/sysmem.o
 .debug_frame   0x00000fe0      0x144 C:/ST/STM32CubeIDE_1.15.1/STM32CubeIDE/plugins/com.st.stm32cube.ide.mcu.externaltools.gnu-tools-for-stm32.12.3.rel1.win32_1.0.100.202403111256/tools/bin/../lib/gcc/arm-none-eabi/12.3.1/../../../../arm-none-eabi/lib/thumb/v8-m.main+fp/hard\libc_nano.a(libc_a-findfp.o)
 .debug_frame   0x00001124       0x6c C:/ST/STM32CubeIDE_1.15.1/STM32CubeIDE/plugins/com.st.stm32cube.ide.mcu.externaltools.gnu-tools-for-stm32.12.3.rel1.win32_1.0.100.202403111256/tools/bin/../lib/gcc/arm-none-eabi/12.3.1/../../../../arm-none-eabi/lib/thumb/v8-m.main+fp/hard\libc_nano.a(libc_a-sprintf.o)
 .debug_frame   0x00001190       0x20 C:/ST/STM32CubeIDE_1.15.1/STM32CubeIDE/plugins/com.st.stm32cube.ide.mcu.externaltools.gnu-tools-for-stm32.12.3.rel1.win32_1.0.100.202403111256/tools/bin/../lib/gcc/arm-none-eabi/12.3.1/../../../../arm-none-eabi/lib/thumb/v8-m.main+fp/hard\libc_nano.a(libc_a-memset.o)
 .debug_frame   0x000011b0       0x28 C:/ST/STM32CubeIDE_1.15.1/STM32CubeIDE/plugins/com.st.stm32cube.ide.mcu.externaltools.gnu-tools-for-stm32.12.3.rel1.win32_1.0.100.202403111256/tools/bin/../lib/gcc/arm-none-eabi/12.3.1/../../../../arm-none-eabi/lib/thumb/v8-m.main+fp/hard\libc_nano.a(libc_a-strlcpy.o)
 .debug_frame   0x000011d8       0x28 C:/ST/STM32CubeIDE_1.15.1/STM32CubeIDE/plugins/com.st.stm32cube.ide.mcu.externaltools.gnu-tools-for-stm32.12.3.rel1.win32_1.0.100.202403111256/tools/bin/../lib/gcc/arm-none-eabi/12.3.1/../../../../arm-none-eabi/lib/thumb/v8-m.main+fp/hard\libc_nano.a(libc_a-strncmp.o)
 .debug_frame   0x00001200       0x38 C:/ST/STM32CubeIDE_1.15.1/STM32CubeIDE/plugins/com.st.stm32cube.ide.mcu.externaltools.gnu-tools-for-stm32.12.3.rel1.win32_1.0.100.202403111256/tools/bin/../lib/gcc/arm-none-eabi/12.3.1/../../../../arm-none-eabi/lib/thumb/v8-m.main+fp/hard\libc_nano.a(libc_a-reent.o)
 .debug_frame   0x00001238       0x20 C:/ST/STM32CubeIDE_1.15.1/STM32CubeIDE/plugins/com.st.stm32cube.ide.mcu.externaltools.gnu-tools-for-stm32.12.3.rel1.win32_1.0.100.202403111256/tools/bin/../lib/gcc/arm-none-eabi/12.3.1/../../../../arm-none-eabi/lib/thumb/v8-m.main+fp/hard\libc_nano.a(libc_a-errno.o)
 .debug_frame   0x00001258       0x2c C:/ST/STM32CubeIDE_1.15.1/STM32CubeIDE/plugins/com.st.stm32cube.ide.mcu.externaltools.gnu-tools-for-stm32.12.3.rel1.win32_1.0.100.202403111256/tools/bin/../lib/gcc/arm-none-eabi/12.3.1/../../../../arm-none-eabi/lib/thumb/v8-m.main+fp/hard\libc_nano.a(libc_a-init.o)
 .debug_frame   0x00001284       0xb0 C:/ST/STM32CubeIDE_1.15.1/STM32CubeIDE/plugins/com.st.stm32cube.ide.mcu.externaltools.gnu-tools-for-stm32.12.3.rel1.win32_1.0.100.202403111256/tools/bin/../lib/gcc/arm-none-eabi/12.3.1/../../../../arm-none-eabi/lib/thumb/v8-m.main+fp/hard\libc_nano.a(libc_a-lock.o)
 .debug_frame   0x00001334       0x38 C:/ST/STM32CubeIDE_1.15.1/STM32CubeIDE/plugins/com.st.stm32cube.ide.mcu.externaltools.gnu-tools-for-stm32.12.3.rel1.win32_1.0.100.202403111256/tools/bin/../lib/gcc/arm-none-eabi/12.3.1/../../../../arm-none-eabi/lib/thumb/v8-m.main+fp/hard\libc_nano.a(libc_a-freer.o)
 .debug_frame   0x0000136c       0x50 C:/ST/STM32CubeIDE_1.15.1/STM32CubeIDE/plugins/com.st.stm32cube.ide.mcu.externaltools.gnu-tools-for-stm32.12.3.rel1.win32_1.0.100.202403111256/tools/bin/../lib/gcc/arm-none-eabi/12.3.1/../../../../arm-none-eabi/lib/thumb/v8-m.main+fp/hard\libc_nano.a(libc_a-mallocr.o)
 .debug_frame   0x000013bc       0x30 C:/ST/STM32CubeIDE_1.15.1/STM32CubeIDE/plugins/com.st.stm32cube.ide.mcu.externaltools.gnu-tools-for-stm32.12.3.rel1.win32_1.0.100.202403111256/tools/bin/../lib/gcc/arm-none-eabi/12.3.1/../../../../arm-none-eabi/lib/thumb/v8-m.main+fp/hard\libc_nano.a(libc_a-mlock.o)
 .debug_frame   0x000013ec       0x90 C:/ST/STM32CubeIDE_1.15.1/STM32CubeIDE/plugins/com.st.stm32cube.ide.mcu.externaltools.gnu-tools-for-stm32.12.3.rel1.win32_1.0.100.202403111256/tools/bin/../lib/gcc/arm-none-eabi/12.3.1/../../../../arm-none-eabi/lib/thumb/v8-m.main+fp/hard\libc_nano.a(libc_a-nano-svfprintf.o)
 .debug_frame   0x0000147c       0x60 C:/ST/STM32CubeIDE_1.15.1/STM32CubeIDE/plugins/com.st.stm32cube.ide.mcu.externaltools.gnu-tools-for-stm32.12.3.rel1.win32_1.0.100.202403111256/tools/bin/../lib/gcc/arm-none-eabi/12.3.1/../../../../arm-none-eabi/lib/thumb/v8-m.main+fp/hard\libc_nano.a(libc_a-nano-vfprintf_i.o)
 .debug_frame   0x000014dc       0x28 C:/ST/STM32CubeIDE_1.15.1/STM32CubeIDE/plugins/com.st.stm32cube.ide.mcu.externaltools.gnu-tools-for-stm32.12.3.rel1.win32_1.0.100.202403111256/tools/bin/../lib/gcc/arm-none-eabi/12.3.1/../../../../arm-none-eabi/lib/thumb/v8-m.main+fp/hard\libc_nano.a(libc_a-memmove.o)
 .debug_frame   0x00001504       0x2c C:/ST/STM32CubeIDE_1.15.1/STM32CubeIDE/plugins/com.st.stm32cube.ide.mcu.externaltools.gnu-tools-for-stm32.12.3.rel1.win32_1.0.100.202403111256/tools/bin/../lib/gcc/arm-none-eabi/12.3.1/../../../../arm-none-eabi/lib/thumb/v8-m.main+fp/hard\libc_nano.a(libc_a-sbrkr.o)
 .debug_frame   0x00001530       0x28 C:/ST/STM32CubeIDE_1.15.1/STM32CubeIDE/plugins/com.st.stm32cube.ide.mcu.externaltools.gnu-tools-for-stm32.12.3.rel1.win32_1.0.100.202403111256/tools/bin/../lib/gcc/arm-none-eabi/12.3.1/../../../../arm-none-eabi/lib/thumb/v8-m.main+fp/hard\libc_nano.a(libc_a-memchr-stub.o)
 .debug_frame   0x00001558       0x28 C:/ST/STM32CubeIDE_1.15.1/STM32CubeIDE/plugins/com.st.stm32cube.ide.mcu.externaltools.gnu-tools-for-stm32.12.3.rel1.win32_1.0.100.202403111256/tools/bin/../lib/gcc/arm-none-eabi/12.3.1/../../../../arm-none-eabi/lib/thumb/v8-m.main+fp/hard\libc_nano.a(libc_a-memcpy-stub.o)
 .debug_frame   0x00001580       0x3c C:/ST/STM32CubeIDE_1.15.1/STM32CubeIDE/plugins/com.st.stm32cube.ide.mcu.externaltools.gnu-tools-for-stm32.12.3.rel1.win32_1.0.100.202403111256/tools/bin/../lib/gcc/arm-none-eabi/12.3.1/../../../../arm-none-eabi/lib/thumb/v8-m.main+fp/hard\libc_nano.a(libc_a-reallocr.o)
 .debug_frame   0x000015bc       0x20 C:/ST/STM32CubeIDE_1.15.1/STM32CubeIDE/plugins/com.st.stm32cube.ide.mcu.externaltools.gnu-tools-for-stm32.12.3.rel1.win32_1.0.100.202403111256/tools/bin/../lib/gcc/arm-none-eabi/12.3.1/../../../../arm-none-eabi/lib/thumb/v8-m.main+fp/hard\libc_nano.a(libc_a-msizer.o)

.debug_line_str
                0x00000000       0x6e
 .debug_line_str
                0x00000000       0x6e ./Startup/startup_stm32l552zetxq.o
