../Src/main.c:42:6:redOn	4	static
../Src/main.c:43:6:greenOn	4	static
../Src/main.c:44:6:blueOn	4	static
../Src/main.c:46:6:redOff	4	static
../Src/main.c:47:6:greenOff	4	static
../Src/main.c:48:6:blueOff	4	static
../Src/main.c:50:6:buzzerOn	4	static
../Src/main.c:51:6:buzzerOff	4	static
../Src/main.c:53:10:getGreenToYellowTimestamp	4	static
../Src/main.c:54:10:getYellowToRedTimestamp	4	static
../Src/main.c:55:10:getRedToGreenTimestamp	4	static
../Src/main.c:56:10:getPedestrianCrossingTimestamp	4	static
../Src/main.c:57:10:getAnimationEndingTimestamp	4	static
../Src/main.c:58:10:getCarWaitTimestamp	4	static
../Src/main.c:60:6:__enable_irq	4	static,ignoring_inline_asm
../Src/main.c:67:6:constructLog	112	static
../Src/main.c:103:6:init	8	static
../Src/main.c:114:6:TIM6_IRQHandler	8	static
../Src/main.c:224:5:main	24	static,ignoring_inline_asm
