../Src/main.c:42:6:redOn	1
../Src/main.c:43:6:greenOn	1
../Src/main.c:44:6:blueOn	1
../Src/main.c:46:6:redOff	1
../Src/main.c:47:6:greenOff	1
../Src/main.c:48:6:blueOff	1
../Src/main.c:50:6:buzzerOn	1
../Src/main.c:51:6:buzzerOff	1
../Src/main.c:53:10:getGreenToYellowTimestamp	1
../Src/main.c:54:10:getYellowToRedTimestamp	1
../Src/main.c:55:10:getRedToGreenTimestamp	1
../Src/main.c:56:10:getPedestrianCrossingTimestamp	1
../Src/main.c:57:10:getAnimationEndingTimestamp	1
../Src/main.c:58:10:getCarWaitTimestamp	1
../Src/main.c:60:6:__enable_irq	1
../Src/main.c:67:6:constructLog	7
../Src/main.c:103:6:init	1
../Src/main.c:114:6:TIM6_IRQHandler	2
../Src/main.c:224:5:main	7
