../Src/main.c:49:6:redOn	4	static
../Src/main.c:50:6:greenOn	4	static
../Src/main.c:51:6:blueOn	4	static
../Src/main.c:53:6:redOff	4	static
../Src/main.c:54:6:greenOff	4	static
../Src/main.c:55:6:blueOff	4	static
../Src/main.c:57:6:buzzerOn	4	static
../Src/main.c:58:6:buzzerOff	4	static
../Src/main.c:60:10:getGreenToYellowTimestamp	4	static
../Src/main.c:61:10:getYellowToRedTimestamp	4	static
../Src/main.c:62:10:getRedToGreenTimestamp	4	static
../Src/main.c:63:10:getPedestrianCrossingTimestamp	4	static
../Src/main.c:64:10:getAnimationEndingTimestamp	4	static
../Src/main.c:65:10:getCarWaitTimestamp	4	static
../Src/main.c:67:6:__enable_irq	4	static,ignoring_inline_asm
../Src/main.c:74:6:constructLog	112	static
../Src/main.c:110:6:init	8	static
../Src/main.c:141:6:TIM6_IRQHandler	8	static
../Src/main.c:166:5:main	520	static,ignoring_inline_asm
