../Src/main.c:37:6:redOn	1
../Src/main.c:38:6:greenOn	1
../Src/main.c:39:6:blueOn	1
../Src/main.c:41:6:redOff	1
../Src/main.c:42:6:greenOff	1
../Src/main.c:43:6:blueOff	1
../Src/main.c:45:6:buzzerOn	1
../Src/main.c:46:6:buzzerOff	1
../Src/main.c:48:10:getGreenToYellowTimestamp	1
../Src/main.c:49:10:getYellowToRedTimestamp	1
../Src/main.c:50:10:getRedToGreenTimestamp	1
../Src/main.c:51:10:getPedestrianCrossingTimestamp	1
../Src/main.c:52:10:getAnimationEndingTimestamp	1
../Src/main.c:53:10:getCarWaitTimestamp	1
../Src/main.c:55:6:__enable_irq	1
../Src/main.c:62:6:constructLog	7
../Src/main.c:98:6:init	1
../Src/main.c:109:6:TIM6_IRQHandler	2
../Src/main.c:130:5:main	12
